Archive member included to satisfy reference by file (symbol)

d:/ac6/systemworkbench/plugins/fr.ac6.mcu.externaltools.arm-none.win32_1.17.0.201812190825/tools/compiler/bin/../lib/gcc/arm-none-eabi/7.3.1/thumb/v6-m\libgcc.a(_udivsi3.o)
                              HAL_Driver/Src/stm32f0xx_hal.o (__aeabi_uidiv)
d:/ac6/systemworkbench/plugins/fr.ac6.mcu.externaltools.arm-none.win32_1.17.0.201812190825/tools/compiler/bin/../lib/gcc/arm-none-eabi/7.3.1/thumb/v6-m\libgcc.a(_dvmd_tls.o)
                              d:/ac6/systemworkbench/plugins/fr.ac6.mcu.externaltools.arm-none.win32_1.17.0.201812190825/tools/compiler/bin/../lib/gcc/arm-none-eabi/7.3.1/thumb/v6-m\libgcc.a(_udivsi3.o) (__aeabi_idiv0)
d:/ac6/systemworkbench/plugins/fr.ac6.mcu.externaltools.arm-none.win32_1.17.0.201812190825/tools/compiler/bin/../lib/gcc/arm-none-eabi/7.3.1/../../../../arm-none-eabi/lib/thumb/v6-m\libc.a(lib_a-errno.o)
                              src/syscalls.o (__errno)
d:/ac6/systemworkbench/plugins/fr.ac6.mcu.externaltools.arm-none.win32_1.17.0.201812190825/tools/compiler/bin/../lib/gcc/arm-none-eabi/7.3.1/../../../../arm-none-eabi/lib/thumb/v6-m\libc.a(lib_a-exit.o)
                              d:/ac6/systemworkbench/plugins/fr.ac6.mcu.externaltools.arm-none.win32_1.17.0.201812190825/tools/compiler/bin/../lib/gcc/arm-none-eabi/7.3.1/../../../../arm-none-eabi/lib/thumb/v6-m/crt0.o (exit)
d:/ac6/systemworkbench/plugins/fr.ac6.mcu.externaltools.arm-none.win32_1.17.0.201812190825/tools/compiler/bin/../lib/gcc/arm-none-eabi/7.3.1/../../../../arm-none-eabi/lib/thumb/v6-m\libc.a(lib_a-impure.o)
                              d:/ac6/systemworkbench/plugins/fr.ac6.mcu.externaltools.arm-none.win32_1.17.0.201812190825/tools/compiler/bin/../lib/gcc/arm-none-eabi/7.3.1/../../../../arm-none-eabi/lib/thumb/v6-m\libc.a(lib_a-exit.o) (_global_impure_ptr)
d:/ac6/systemworkbench/plugins/fr.ac6.mcu.externaltools.arm-none.win32_1.17.0.201812190825/tools/compiler/bin/../lib/gcc/arm-none-eabi/7.3.1/../../../../arm-none-eabi/lib/thumb/v6-m\libc.a(lib_a-init.o)
                              d:/ac6/systemworkbench/plugins/fr.ac6.mcu.externaltools.arm-none.win32_1.17.0.201812190825/tools/compiler/bin/../lib/gcc/arm-none-eabi/7.3.1/../../../../arm-none-eabi/lib/thumb/v6-m/crt0.o (__libc_init_array)
d:/ac6/systemworkbench/plugins/fr.ac6.mcu.externaltools.arm-none.win32_1.17.0.201812190825/tools/compiler/bin/../lib/gcc/arm-none-eabi/7.3.1/../../../../arm-none-eabi/lib/thumb/v6-m\libc.a(lib_a-memset.o)
                              d:/ac6/systemworkbench/plugins/fr.ac6.mcu.externaltools.arm-none.win32_1.17.0.201812190825/tools/compiler/bin/../lib/gcc/arm-none-eabi/7.3.1/../../../../arm-none-eabi/lib/thumb/v6-m/crt0.o (memset)
d:/ac6/systemworkbench/plugins/fr.ac6.mcu.externaltools.arm-none.win32_1.17.0.201812190825/tools/compiler/bin/../lib/gcc/arm-none-eabi/7.3.1/../../../../arm-none-eabi/lib/thumb/v6-m\libc.a(lib_a-__call_atexit.o)
                              d:/ac6/systemworkbench/plugins/fr.ac6.mcu.externaltools.arm-none.win32_1.17.0.201812190825/tools/compiler/bin/../lib/gcc/arm-none-eabi/7.3.1/../../../../arm-none-eabi/lib/thumb/v6-m\libc.a(lib_a-exit.o) (__call_exitprocs)
d:/ac6/systemworkbench/plugins/fr.ac6.mcu.externaltools.arm-none.win32_1.17.0.201812190825/tools/compiler/bin/../lib/gcc/arm-none-eabi/7.3.1/../../../../arm-none-eabi/lib/thumb/v6-m\libc.a(lib_a-atexit.o)
                              d:/ac6/systemworkbench/plugins/fr.ac6.mcu.externaltools.arm-none.win32_1.17.0.201812190825/tools/compiler/bin/../lib/gcc/arm-none-eabi/7.3.1/../../../../arm-none-eabi/lib/thumb/v6-m\libc.a(lib_a-__call_atexit.o) (atexit)
d:/ac6/systemworkbench/plugins/fr.ac6.mcu.externaltools.arm-none.win32_1.17.0.201812190825/tools/compiler/bin/../lib/gcc/arm-none-eabi/7.3.1/../../../../arm-none-eabi/lib/thumb/v6-m\libc.a(lib_a-fini.o)
                              d:/ac6/systemworkbench/plugins/fr.ac6.mcu.externaltools.arm-none.win32_1.17.0.201812190825/tools/compiler/bin/../lib/gcc/arm-none-eabi/7.3.1/../../../../arm-none-eabi/lib/thumb/v6-m\libc.a(lib_a-__call_atexit.o) (__libc_fini_array)
d:/ac6/systemworkbench/plugins/fr.ac6.mcu.externaltools.arm-none.win32_1.17.0.201812190825/tools/compiler/bin/../lib/gcc/arm-none-eabi/7.3.1/../../../../arm-none-eabi/lib/thumb/v6-m\libc.a(lib_a-lock.o)
                              d:/ac6/systemworkbench/plugins/fr.ac6.mcu.externaltools.arm-none.win32_1.17.0.201812190825/tools/compiler/bin/../lib/gcc/arm-none-eabi/7.3.1/../../../../arm-none-eabi/lib/thumb/v6-m\libc.a(lib_a-__call_atexit.o) (__retarget_lock_acquire_recursive)
d:/ac6/systemworkbench/plugins/fr.ac6.mcu.externaltools.arm-none.win32_1.17.0.201812190825/tools/compiler/bin/../lib/gcc/arm-none-eabi/7.3.1/../../../../arm-none-eabi/lib/thumb/v6-m\libc.a(lib_a-__atexit.o)
[...]
Memory Configuration

Name             Origin             Length             Attributes
FLASH            0x08000000         0x00010000         xr
RAM              0x20000000         0x00002000         xrw
*default*        0x00000000         0xffffffff

Linker script and memory map

LOAD d:/ac6/systemworkbench/plugins/fr.ac6.mcu.externaltools.arm-none.win32_1.17.0.201812190825/tools/compiler/bin/../lib/gcc/arm-none-eabi/7.3.1/thumb/v6-m/crti.o
LOAD d:/ac6/systemworkbench/plugins/fr.ac6.mcu.externaltools.arm-none.win32_1.17.0.201812190825/tools/compiler/bin/../lib/gcc/arm-none-eabi/7.3.1/thumb/v6-m/crtbegin.o
LOAD d:/ac6/systemworkbench/plugins/fr.ac6.mcu.externaltools.arm-none.win32_1.17.0.201812190825/tools/compiler/bin/../lib/gcc/arm-none-eabi/7.3.1/../../../../arm-none-eabi/lib/thumb/v6-m/crt0.o
LOAD HAL_Driver/Src/stm32f0xx_hal.o
LOAD HAL_Driver/Src/stm32f0xx_hal_adc.o
LOAD HAL_Driver/Src/stm32f0xx_hal_adc_ex.o
LOAD HAL_Driver/Src/stm32f0xx_hal_can.o
LOAD HAL_Driver/Src/stm32f0xx_hal_cec.o
LOAD HAL_Driver/Src/stm32f0xx_hal_comp.o
LOAD HAL_Driver/Src/stm32f0xx_hal_cortex.o
LOAD HAL_Driver/Src/stm32f0xx_hal_crc.o
LOAD HAL_Driver/Src/stm32f0xx_hal_crc_ex.o
LOAD HAL_Driver/Src/stm32f0xx_hal_dac.o
LOAD HAL_Driver/Src/stm32f0xx_hal_dac_ex.o
LOAD HAL_Driver/Src/stm32f0xx_hal_dma.o
LOAD HAL_Driver/Src/stm32f0xx_hal_flash.o
LOAD HAL_Driver/Src/stm32f0xx_hal_flash_ex.o
LOAD HAL_Driver/Src/stm32f0xx_hal_gpio.o
LOAD HAL_Driver/Src/stm32f0xx_hal_i2c.o
LOAD HAL_Driver/Src/stm32f0xx_hal_i2c_ex.o
LOAD HAL_Driver/Src/stm32f0xx_hal_i2s.o
LOAD HAL_Driver/Src/stm32f0xx_hal_irda.o
LOAD HAL_Driver/Src/stm32f0xx_hal_iwdg.o
LOAD HAL_Driver/Src/stm32f0xx_hal_msp_template.o
LOAD HAL_Driver/Src/stm32f0xx_hal_pcd.o
LOAD HAL_Driver/Src/stm32f0xx_hal_pcd_ex.o
LOAD HAL_Driver/Src/stm32f0xx_hal_pwr.o
LOAD HAL_Driver/Src/stm32f0xx_hal_pwr_ex.o
LOAD HAL_Driver/Src/stm32f0xx_hal_rcc.o
LOAD HAL_Driver/Src/stm32f0xx_hal_rcc_ex.o
LOAD HAL_Driver/Src/stm32f0xx_hal_rtc.o
LOAD HAL_Driver/Src/stm32f0xx_hal_rtc_ex.o
LOAD HAL_Driver/Src/stm32f0xx_hal_smartcard.o
LOAD HAL_Driver/Src/stm32f0xx_hal_smartcard_ex.o
LOAD HAL_Driver/Src/stm32f0xx_hal_smbus.o
LOAD HAL_Driver/Src/stm32f0xx_hal_spi.o
LOAD HAL_Driver/Src/stm32f0xx_hal_spi_ex.o
LOAD HAL_Driver/Src/stm32f0xx_hal_tim.o
LOAD HAL_Driver/Src/stm32f0xx_hal_tim_ex.o
LOAD HAL_Driver/Src/stm32f0xx_hal_tsc.o
LOAD HAL_Driver/Src/stm32f0xx_hal_uart.o
LOAD HAL_Driver/Src/stm32f0xx_hal_uart_ex.o
LOAD HAL_Driver/Src/stm32f0xx_hal_usart.o
LOAD HAL_Driver/Src/stm32f0xx_hal_wwdg.o
LOAD HAL_Driver/Src/stm32f0xx_ll_adc.o
LOAD HAL_Driver/Src/stm32f0xx_ll_comp.o
LOAD HAL_Driver/Src/stm32f0xx_ll_crc.o
LOAD HAL_Driver/Src/stm32f0xx_ll_crs.o
LOAD HAL_Driver/Src/stm32f0xx_ll_dac.o
LOAD HAL_Driver/Src/stm32f0xx_ll_dma.o
LOAD HAL_Driver/Src/stm32f0xx_ll_exti.o
LOAD HAL_Driver/Src/stm32f0xx_ll_gpio.o
LOAD HAL_Driver/Src/stm32f0xx_ll_i2c.o
LOAD HAL_Driver/Src/stm32f0xx_ll_pwr.o
LOAD HAL_Driver/Src/stm32f0xx_ll_rcc.o
LOAD HAL_Driver/Src/stm32f0xx_ll_rtc.o
LOAD HAL_Driver/Src/stm32f0xx_ll_spi.o
LOAD HAL_Driver/Src/stm32f0xx_ll_tim.o
LOAD HAL_Driver/Src/stm32f0xx_ll_usart.o
LOAD HAL_Driver/Src/stm32f0xx_ll_utils.o
LOAD Utilities/STM32F0308-Discovery/stm32f0308_discovery.o
LOAD src/main.o
LOAD src/stm32f0xx_it.o
LOAD src/syscalls.o
LOAD src/system_stm32f0xx.o
LOAD startup/startup_stm32f051x8.o
LOAD d:/ac6/systemworkbench/plugins/fr.ac6.mcu.externaltools.arm-none.win32_1.17.0.201812190825/tools/compiler/bin/../lib/gcc/arm-none-eabi/7.3.1/../../../../arm-none-eabi/lib/thumb/v6-m\libm.a
START GROUP
LOAD d:/ac6/systemworkbench/plugins/fr.ac6.mcu.externaltools.arm-none.win32_1.17.0.201812190825/tools/compiler/bin/../lib/gcc/arm-none-eabi/7.3.1/thumb/v6-m\libgcc.a
LOAD d:/ac6/systemworkbench/plugins/fr.ac6.mcu.externaltools.arm-none.win32_1.17.0.201812190825/tools/compiler/bin/../lib/gcc/arm-none-eabi/7.3.1/../../../../arm-none-eabi/lib/thumb/v6-m\libc.a
END GROUP
LOAD d:/ac6/systemworkbench/plugins/fr.ac6.mcu.externaltools.arm-none.win32_1.17.0.201812190825/tools/compiler/bin/../lib/gcc/arm-none-eabi/7.3.1/thumb/v6-m/crtend.o
LOAD d:/ac6/systemworkbench/plugins/fr.ac6.mcu.externaltools.arm-none.win32_1.17.0.201812190825/tools/compiler/bin/../lib/gcc/arm-none-eabi/7.3.1/thumb/v6-m/crtn.o
                0x20002000                _estack = 0x20002000
                0x00000000                _Min_Heap_Size = 0x0
                0x00000080                _Min_Stack_Size = 0x80

.isr_vector     0x08000000       0xc0
                0x08000000                . = ALIGN (0x4)
 *(.isr_vector)
 .isr_vector    0x08000000       0xc0 startup/startup_stm32f051x8.o
                0x08000000                g_pfnVectors
                0x080000c0                . = ALIGN (0x4)

.text           0x080000c0      0xabc
                0x080000c0                . = ALIGN (0x4)
 *(.text)
 .text          0x080000c0       0x48 d:/ac6/systemworkbench/plugins/fr.ac6.mcu.externaltools.arm-none.win32_1.17.0.201812190825/tools/compiler/bin/../lib/gcc/arm-none-eabi/7.3.1/thumb/v6-m/crtbegin.o
 *(.text*)
 .text.HAL_IncTick
                0x08000108       0x18 HAL_Driver/Src/stm32f0xx_hal.o
                0x08000108                HAL_IncTick
 .text.HAL_SYSTICK_IRQHandler
                0x08000120        0xe HAL_Driver/Src/stm32f0xx_hal_cortex.o
                0x08000120                HAL_SYSTICK_IRQHandler
 .text.HAL_SYSTICK_Callback
                0x0800012e        0xa HAL_Driver/Src/stm32f0xx_hal_cortex.o
                0x0800012e                HAL_SYSTICK_Callback
 .text.main     0x08000138      0x15c src/main.o
                0x08000138                main
 .text.delay_cycles
                0x08000294       0x26 src/main.o
                0x08000294                delay_cycles
 *fill*         0x080002ba        0x2 
 .text.GPIO_Init
                0x080002bc      0x120 src/main.o
                0x080002bc                GPIO_Init
 .text.SPI_Init
                0x080003dc       0x88 src/main.o
                0x080003dc                SPI_Init
 .text.hspi_w8  0x08000464       0x2c src/main.o
                0x08000464                hspi_w8
 .text.hspi_w16
                0x08000490       0x46 src/main.o
                0x08000490                hspi_w16
 *fill*         0x080004d6        0x2 
 .text.hspi_cmd
                0x080004d8       0x58 src/main.o
                0x080004d8                hspi_cmd
 .text.ili9341_hspi_init
                0x08000530      0x3a0 src/main.o
                0x08000530                ili9341_hspi_init
 .text.SysTick_Handler
                0x080008d0       0x12 src/stm32f0xx_it.o
                0x080008d0                SysTick_Handler
 *fill*         0x080008e2        0x2 
 .text.SystemInit
                0x080008e4       0x88 src/system_stm32f0xx.o
                0x080008e4                SystemInit
 .text.Reset_Handler
                0x0800096c       0x50 startup/startup_stm32f051x8.o
                0x0800096c                Reset_Handler
 .text.Default_Handler
                0x080009bc        0x2 startup/startup_stm32f051x8.o
                0x080009bc                TIM1_CC_IRQHandler
                0x080009bc                TSC_IRQHandler
                0x080009bc                HardFault_Handler
                0x080009bc                ADC1_COMP_IRQHandler
                0x080009bc                PVD_IRQHandler
                0x080009bc                PendSV_Handler
                0x080009bc                NMI_Handler
                0x080009bc                I2C1_IRQHandler
                0x080009bc                RCC_CRS_IRQHandler
                0x080009bc                SPI1_IRQHandler
                0x080009bc                TIM6_DAC_IRQHandler
                0x080009bc                EXTI2_3_IRQHandler
                0x080009bc                I2C2_IRQHandler
                0x080009bc                TIM17_IRQHandler
                0x080009bc                CEC_CAN_IRQHandler
                0x080009bc                RTC_IRQHandler
                0x080009bc                TIM16_IRQHandler
                0x080009bc                TIM3_IRQHandler
                0x080009bc                EXTI4_15_IRQHandler
                0x080009bc                DMA1_Channel1_IRQHandler
                0x080009bc                Default_Handler
                0x080009bc                TIM14_IRQHandler
                0x080009bc                DMA1_Channel4_5_IRQHandler
                0x080009bc                TIM15_IRQHandler
                0x080009bc                EXTI0_1_IRQHandler
                0x080009bc                SPI2_IRQHandler
                0x080009bc                SVC_Handler
                0x080009bc                WWDG_IRQHandler
                0x080009bc                TIM2_IRQHandler
                0x080009bc                DMA1_Channel2_3_IRQHandler
                0x080009bc                USART2_IRQHandler
                0x080009bc                FLASH_IRQHandler
                0x080009bc                USART1_IRQHandler
                0x080009bc                TIM1_BRK_UP_TRG_COM_IRQHandler
 *fill*         0x080009be        0x2 
 .text.__libc_init_array
                0x080009c0       0x48 d:/ac6/systemworkbench/plugins/fr.ac6.mcu.externaltools.arm-none.win32_1.17.0.201812190825/tools/compiler/bin/../lib/gcc/arm-none-eabi/7.3.1/../../../../arm-none-eabi/lib/thumb/v6-m\libc.a(lib_a-init.o)
                0x080009c0                __libc_init_array
 .text.startup.register_fini
                0x08000a08       0x18 d:/ac6/systemworkbench/plugins/fr.ac6.mcu.externaltools.arm-none.win32_1.17.0.201812190825/tools/compiler/bin/../lib/gcc/arm-none-eabi/7.3.1/../../../../arm-none-eabi/lib/thumb/v6-m\libc.a(lib_a-__call_atexit.o)
 .text.atexit   0x08000a20       0x10 d:/ac6/systemworkbench/plugins/fr.ac6.mcu.externaltools.arm-none.win32_1.17.0.201812190825/tools/compiler/bin/../lib/gcc/arm-none-eabi/7.3.1/../../../../arm-none-eabi/lib/thumb/v6-m\libc.a(lib_a-atexit.o)
                0x08000a20                atexit
 .text.__libc_fini_array
                0x08000a30       0x34 d:/ac6/systemworkbench/plugins/fr.ac6.mcu.externaltools.arm-none.win32_1.17.0.201812190825/tools/compiler/bin/../lib/gcc/arm-none-eabi/7.3.1/../../../../arm-none-eabi/lib/thumb/v6-m\libc.a(lib_a-fini.o)
                0x08000a30                __libc_fini_array
 .text.__retarget_lock_acquire_recursive
                0x08000a64        0x4 d:/ac6/systemworkbench/plugins/fr.ac6.mcu.externaltools.arm-none.win32_1.17.0.201812190825/tools/compiler/bin/../lib/gcc/arm-none-eabi/7.3.1/../../../../arm-none-eabi/lib/thumb/v6-m\libc.a(lib_a-lock.o)
                0x08000a64                __retarget_lock_acquire_recursive
 .text.__retarget_lock_release_recursive
                0x08000a68        0x4 d:/ac6/systemworkbench/plugins/fr.ac6.mcu.externaltools.arm-none.win32_1.17.0.201812190825/tools/compiler/bin/../lib/gcc/arm-none-eabi/7.3.1/../../../../arm-none-eabi/lib/thumb/v6-m\libc.a(lib_a-lock.o)
                0x08000a68                __retarget_lock_release_recursive
 .text.__register_exitproc
                0x08000a6c       0xf4 d:/ac6/systemworkbench/plugins/fr.ac6.mcu.externaltools.arm-none.win32_1.17.0.201812190825/tools/compiler/bin/../lib/gcc/arm-none-eabi/7.3.1/../../../../arm-none-eabi/lib/thumb/v6-m\libc.a(lib_a-__atexit.o)
                0x08000a6c                __register_exitproc
 *(.rodata)
 *(.rodata*)
 .rodata._global_impure_ptr
                0x08000b60        0x4 d:/ac6/systemworkbench/plugins/fr.ac6.mcu.externaltools.arm-none.win32_1.17.0.201812190825/tools/compiler/bin/../lib/gcc/arm-none-eabi/7.3.1/../../../../arm-none-eabi/lib/thumb/v6-m\libc.a(lib_a-impure.o)
                0x08000b60                _global_impure_ptr
 *(.glue_7)
 .glue_7        0x08000b64        0x0 linker stubs
 *(.glue_7t)
 .glue_7t       0x08000b64        0x0 linker stubs
 *(.eh_frame)
 .eh_frame      0x08000b64        0x0 d:/ac6/systemworkbench/plugins/fr.ac6.mcu.externaltools.arm-none.win32_1.17.0.201812190825/tools/compiler/bin/../lib/gcc/arm-none-eabi/7.3.1/thumb/v6-m/crtbegin.o
 *(.init)
 .init          0x08000b64        0x4 d:/ac6/systemworkbench/plugins/fr.ac6.mcu.externaltools.arm-none.win32_1.17.0.201812190825/tools/compiler/bin/../lib/gcc/arm-none-eabi/7.3.1/thumb/v6-m/crti.o
                0x08000b64                _init
 .init          0x08000b68        0x8 d:/ac6/systemworkbench/plugins/fr.ac6.mcu.externaltools.arm-none.win32_1.17.0.201812190825/tools/compiler/bin/../lib/gcc/arm-none-eabi/7.3.1/thumb/v6-m/crtn.o
 *(.fini)
 .fini          0x08000b70        0x4 d:/ac6/systemworkbench/plugins/fr.ac6.mcu.externaltools.arm-none.win32_1.17.0.201812190825/tools/compiler/bin/../lib/gcc/arm-none-eabi/7.3.1/thumb/v6-m/crti.o
                0x08000b70                _fini
 .fini          0x08000b74        0x8 d:/ac6/systemworkbench/plugins/fr.ac6.mcu.externaltools.arm-none.win32_1.17.0.201812190825/tools/compiler/bin/../lib/gcc/arm-none-eabi/7.3.1/thumb/v6-m/crtn.o
                0x08000b7c                . = ALIGN (0x4)
                0x08000b7c                _etext = .

.vfp11_veneer   0x08000b7c        0x0
 .vfp11_veneer  0x08000b7c        0x0 linker stubs

.v4_bx          0x08000b7c        0x0
 .v4_bx         0x08000b7c        0x0 linker stubs

.iplt           0x08000b7c        0x0
 .iplt          0x08000b7c        0x0 d:/ac6/systemworkbench/plugins/fr.ac6.mcu.externaltools.arm-none.win32_1.17.0.201812190825/tools/compiler/bin/../lib/gcc/arm-none-eabi/7.3.1/thumb/v6-m/crtbegin.o

.rel.dyn        0x08000b7c        0x0
 .rel.iplt      0x08000b7c        0x0 d:/ac6/systemworkbench/plugins/fr.ac6.mcu.externaltools.arm-none.win32_1.17.0.201812190825/tools/compiler/bin/../lib/gcc/arm-none-eabi/7.3.1/thumb/v6-m/crtbegin.o

.ARM.extab
 *(.ARM.extab* .gnu.linkonce.armextab.*)

.ARM            0x08000b7c        0x0
                0x08000b7c                __exidx_start = .
 *(.ARM.exidx*)
                0x08000b7c                __exidx_end = .

.preinit_array  0x08000b7c        0x0
                0x08000b7c                PROVIDE (__preinit_array_start = .)
 *(.preinit_array*)
                0x08000b7c                PROVIDE (__preinit_array_end = .)

.init_array     0x08000b7c        0x8
                0x08000b7c                PROVIDE (__init_array_start = .)
 *(SORT_BY_NAME(.init_array.*))
 .init_array.00000
                0x08000b7c        0x4 d:/ac6/systemworkbench/plugins/fr.ac6.mcu.externaltools.arm-none.win32_1.17.0.201812190825/tools/compiler/bin/../lib/gcc/arm-none-eabi/7.3.1/../../../../arm-none-eabi/lib/thumb/v6-m\libc.a(lib_a-__call_atexit.o)
 *(.init_array*)
 .init_array    0x08000b80        0x4 d:/ac6/systemworkbench/plugins/fr.ac6.mcu.externaltools.arm-none.win32_1.17.0.201812190825/tools/compiler/bin/../lib/gcc/arm-none-eabi/7.3.1/thumb/v6-m/crtbegin.o
                0x08000b84                PROVIDE (__init_array_end = .)

.fini_array     0x08000b84        0x4
                0x08000b84                PROVIDE (__fini_array_start = .)
 *(SORT_BY_NAME(.fini_array.*))
 *(.fini_array*)
 .fini_array    0x08000b84        0x4 d:/ac6/systemworkbench/plugins/fr.ac6.mcu.externaltools.arm-none.win32_1.17.0.201812190825/tools/compiler/bin/../lib/gcc/arm-none-eabi/7.3.1/thumb/v6-m/crtbegin.o
                0x08000b88                PROVIDE (__fini_array_end = .)
                0x08000b88                _sidata = LOADADDR (.data)

.data           0x20000000      0x42c load address 0x08000b88
                0x20000000                . = ALIGN (0x4)
                0x20000000                _sdata = .
 *(.data)
 *(.data*)
 .data.impure_data
                0x20000000      0x428 d:/ac6/systemworkbench/plugins/fr.ac6.mcu.externaltools.arm-none.win32_1.17.0.201812190825/tools/compiler/bin/../lib/gcc/arm-none-eabi/7.3.1/../../../../arm-none-eabi/lib/thumb/v6-m\libc.a(lib_a-impure.o)
 .data.__atexit_recursive_mutex
                0x20000428        0x4 d:/ac6/systemworkbench/plugins/fr.ac6.mcu.externaltools.arm-none.win32_1.17.0.201812190825/tools/compiler/bin/../lib/gcc/arm-none-eabi/7.3.1/../../../../arm-none-eabi/lib/thumb/v6-m\libc.a(lib_a-__call_atexit.o)
                0x20000428                __atexit_recursive_mutex
                0x2000042c                . = ALIGN (0x4)
                0x2000042c                _edata = .

.igot.plt       0x2000042c        0x0 load address 0x08000fb4
 .igot.plt      0x2000042c        0x0 d:/ac6/systemworkbench/plugins/fr.ac6.mcu.externaltools.arm-none.win32_1.17.0.201812190825/tools/compiler/bin/../lib/gcc/arm-none-eabi/7.3.1/thumb/v6-m/crtbegin.o
                0x2000042c                . = ALIGN (0x4)

.bss            0x2000042c       0x44 load address 0x08000fb4
                0x2000042c                _sbss = .
                0x2000042c                __bss_start__ = _sbss
 *(.bss)
 .bss           0x2000042c       0x1c d:/ac6/systemworkbench/plugins/fr.ac6.mcu.externaltools.arm-none.win32_1.17.0.201812190825/tools/compiler/bin/../lib/gcc/arm-none-eabi/7.3.1/thumb/v6-m/crtbegin.o
 *(.bss*)
 *(COMMON)
 COMMON         0x20000448        0x4 HAL_Driver/Src/stm32f0xx_hal.o
                0x20000448                uwTick
 COMMON         0x2000044c       0x21 d:/ac6/systemworkbench/plugins/fr.ac6.mcu.externaltools.arm-none.win32_1.17.0.201812190825/tools/compiler/bin/../lib/gcc/arm-none-eabi/7.3.1/../../../../arm-none-eabi/lib/thumb/v6-m\libc.a(lib_a-lock.o)
                0x2000044c                __lock___atexit_recursive_mutex
                0x20000450                __lock___arc4random_mutex
                0x20000454                __lock___env_recursive_mutex
                0x20000458                __lock___sinit_recursive_mutex
                0x2000045c                __lock___malloc_recursive_mutex
                0x20000460                __lock___at_quick_exit_mutex
                0x20000464                __lock___dd_hash_mutex
                0x20000468                __lock___tz_mutex
                0x2000046c                __lock___sfp_recursive_mutex
                0x20000470                . = ALIGN (0x4)
 *fill*         0x2000046d        0x3 
                0x20000470                _ebss = .
                0x20000470                __bss_end__ = _ebss

._user_heap_stack
                0x20000470       0x80 load address 0x08000fb4
                0x20000470                . = ALIGN (0x8)
                0x20000470                PROVIDE (end = .)
                [!provide]                PROVIDE (_end = .)
                0x20000470                . = (. + _Min_Heap_Size)
                0x200004f0                . = (. + _Min_Stack_Size)
 *fill*         0x20000470       0x80 
                0x200004f0                . = ALIGN (0x8)

.ARM.attributes
                0x00000000       0x28
 *(.ARM.attributes)
 .ARM.attributes
                0x00000000       0x1e d:/ac6/systemworkbench/plugins/fr.ac6.mcu.externaltools.arm-none.win32_1.17.0.201812190825/tools/compiler/bin/../lib/gcc/arm-none-eabi/7.3.1/thumb/v6-m/crti.o
 .ARM.attributes
                0x0000001e       0x2c d:/ac6/systemworkbench/plugins/fr.ac6.mcu.externaltools.arm-none.win32_1.17.0.201812190825/tools/compiler/bin/../lib/gcc/arm-none-eabi/7.3.1/thumb/v6-m/crtbegin.o
 .ARM.attributes
                0x0000004a       0x31 HAL_Driver/Src/stm32f0xx_hal.o
 .ARM.attributes
                0x0000007b       0x31 HAL_Driver/Src/stm32f0xx_hal_cortex.o
 .ARM.attributes
                0x000000ac       0x31 src/main.o
 .ARM.attributes
                0x000000dd       0x31 src/stm32f0xx_it.o
 .ARM.attributes
                0x0000010e       0x31 src/system_stm32f0xx.o
 .ARM.attributes
                0x0000013f       0x21 startup/startup_stm32f051x8.o
 .ARM.attributes
                0x00000160       0x2c d:/ac6/systemworkbench/plugins/fr.ac6.mcu.externaltools.arm-none.win32_1.17.0.201812190825/tools/compiler/bin/../lib/gcc/arm-none-eabi/7.3.1/../../../../arm-none-eabi/lib/thumb/v6-m\libc.a(lib_a-impure.o)
 .ARM.attributes
                0x0000018c       0x2c d:/ac6/systemworkbench/plugins/fr.ac6.mcu.externaltools.arm-none.win32_1.17.0.201812190825/tools/compiler/bin/../lib/gcc/arm-none-eabi/7.3.1/../../../../arm-none-eabi/lib/thumb/v6-m\libc.a(lib_a-init.o)
 .ARM.attributes
                0x000001b8       0x2c d:/ac6/systemworkbench/plugins/fr.ac6.mcu.externaltools.arm-none.win32_1.17.0.201812190825/tools/compiler/bin/../lib/gcc/arm-none-eabi/7.3.1/../../../../arm-none-eabi/lib/thumb/v6-m\libc.a(lib_a-__call_atexit.o)
 .ARM.attributes
                0x000001e4       0x2c d:/ac6/systemworkbench/plugins/fr.ac6.mcu.externaltools.arm-none.win32_1.17.0.201812190825/tools/compiler/bin/../lib/gcc/arm-none-eabi/7.3.1/../../../../arm-none-eabi/lib/thumb/v6-m\libc.a(lib_a-atexit.o)
 .ARM.attributes
                0x00000210       0x2c d:/ac6/systemworkbench/plugins/fr.ac6.mcu.externaltools.arm-none.win32_1.17.0.201812190825/tools/compiler/bin/../lib/gcc/arm-none-eabi/7.3.1/../../../../arm-none-eabi/lib/thumb/v6-m\libc.a(lib_a-fini.o)
 .ARM.attributes
                0x0000023c       0x2c d:/ac6/systemworkbench/plugins/fr.ac6.mcu.externaltools.arm-none.win32_1.17.0.201812190825/tools/compiler/bin/../lib/gcc/arm-none-eabi/7.3.1/../../../../arm-none-eabi/lib/thumb/v6-m\libc.a(lib_a-lock.o)
 .ARM.attributes
                0x00000268       0x2c d:/ac6/systemworkbench/plugins/fr.ac6.mcu.externaltools.arm-none.win32_1.17.0.201812190825/tools/compiler/bin/../lib/gcc/arm-none-eabi/7.3.1/../../../../arm-none-eabi/lib/thumb/v6-m\libc.a(lib_a-__atexit.o)
 .ARM.attributes
                0x00000294       0x1e d:/ac6/systemworkbench/plugins/fr.ac6.mcu.externaltools.arm-none.win32_1.17.0.201812190825/tools/compiler/bin/../lib/gcc/arm-none-eabi/7.3.1/thumb/v6-m/crtn.o
OUTPUT(baselineSPI.elf elf32-littlearm)

.debug_info     0x00000000     0x3d7b
 .debug_info    0x00000000      0xdeb HAL_Driver/Src/stm32f0xx_hal.o
 .debug_info    0x00000deb      0xf37 HAL_Driver/Src/stm32f0xx_hal_cortex.o
 .debug_info    0x00001d22      0xca1 src/main.o
 .debug_info    0x000029c3      0x926 src/stm32f0xx_it.o
 .debug_info    0x000032e9      0xa70 src/system_stm32f0xx.o
 .debug_info    0x00003d59       0x22 startup/startup_stm32f051x8.o

.debug_abbrev   0x00000000      0xc2c
 .debug_abbrev  0x00000000      0x2a3 HAL_Driver/Src/stm32f0xx_hal.o
 .debug_abbrev  0x000002a3      0x33d HAL_Driver/Src/stm32f0xx_hal_cortex.o
 .debug_abbrev  0x000005e0      0x28b src/main.o
 .debug_abbrev  0x0000086b      0x1aa src/stm32f0xx_it.o
 .debug_abbrev  0x00000a15      0x205 src/system_stm32f0xx.o
 .debug_abbrev  0x00000c1a       0x12 startup/startup_stm32f051x8.o

.debug_aranges  0x00000000      0x240
 .debug_aranges
                0x00000000       0xb8 HAL_Driver/Src/stm32f0xx_hal.o
 .debug_aranges
                0x000000b8       0xc0 HAL_Driver/Src/stm32f0xx_hal_cortex.o
 .debug_aranges
                0x00000178       0x58 src/main.o
 .debug_aranges
                0x000001d0       0x20 src/stm32f0xx_it.o
 .debug_aranges
                0x000001f0       0x28 src/system_stm32f0xx.o
 .debug_aranges
                0x00000218       0x28 startup/startup_stm32f051x8.o

.debug_ranges   0x00000000      0x1e8
 .debug_ranges  0x00000000       0xa8 HAL_Driver/Src/stm32f0xx_hal.o
 .debug_ranges  0x000000a8       0xb0 HAL_Driver/Src/stm32f0xx_hal_cortex.o
 .debug_ranges  0x00000158       0x48 src/main.o
 .debug_ranges  0x000001a0       0x10 src/stm32f0xx_it.o
 .debug_ranges  0x000001b0       0x18 src/system_stm32f0xx.o
 .debug_ranges  0x000001c8       0x20 startup/startup_stm32f051x8.o

.debug_macro    0x00000000    0x110c1
 .debug_macro   0x00000000      0x432 HAL_Driver/Src/stm32f0xx_hal.o
 .debug_macro   0x00000432      0xa60 HAL_Driver/Src/stm32f0xx_hal.o
 .debug_macro   0x00000e92      0x117 HAL_Driver/Src/stm32f0xx_hal.o
 .debug_macro   0x00000fa9       0x28 HAL_Driver/Src/stm32f0xx_hal.o
 .debug_macro   0x00000fd1       0x22 HAL_Driver/Src/stm32f0xx_hal.o
 .debug_macro   0x00000ff3       0x22 HAL_Driver/Src/stm32f0xx_hal.o
 .debug_macro   0x00001015       0x8e HAL_Driver/Src/stm32f0xx_hal.o
 .debug_macro   0x000010a3       0x51 HAL_Driver/Src/stm32f0xx_hal.o
 .debug_macro   0x000010f4       0xef HAL_Driver/Src/stm32f0xx_hal.o
 .debug_macro   0x000011e3       0x6a HAL_Driver/Src/stm32f0xx_hal.o
 .debug_macro   0x0000124d      0x1df HAL_Driver/Src/stm32f0xx_hal.o
 .debug_macro   0x0000142c       0x34 HAL_Driver/Src/stm32f0xx_hal.o
 .debug_macro   0x00001460       0x26 HAL_Driver/Src/stm32f0xx_hal.o
 .debug_macro   0x00001486      0x30d HAL_Driver/Src/stm32f0xx_hal.o
 .debug_macro   0x00001793     0x8d15 HAL_Driver/Src/stm32f0xx_hal.o
 .debug_macro   0x0000a4a8       0x3c HAL_Driver/Src/stm32f0xx_hal.o
 .debug_macro   0x0000a4e4       0x5e HAL_Driver/Src/stm32f0xx_hal.o
 .debug_macro   0x0000a542       0x18 HAL_Driver/Src/stm32f0xx_hal.o
 .debug_macro   0x0000a55a       0x35 HAL_Driver/Src/stm32f0xx_hal.o
 .debug_macro   0x0000a58f       0x34 HAL_Driver/Src/stm32f0xx_hal.o
 .debug_macro   0x0000a5c3       0x16 HAL_Driver/Src/stm32f0xx_hal.o
 .debug_macro   0x0000a5d9       0x97 HAL_Driver/Src/stm32f0xx_hal.o
 .debug_macro   0x0000a670      0x330 HAL_Driver/Src/stm32f0xx_hal.o
 .debug_macro   0x0000a9a0       0xfd HAL_Driver/Src/stm32f0xx_hal.o
 .debug_macro   0x0000aa9d       0x10 HAL_Driver/Src/stm32f0xx_hal.o
 .debug_macro   0x0000aaad       0x58 HAL_Driver/Src/stm32f0xx_hal.o
 .debug_macro   0x0000ab05       0x1f HAL_Driver/Src/stm32f0xx_hal.o
 .debug_macro   0x0000ab24       0x43 HAL_Driver/Src/stm32f0xx_hal.o
 .debug_macro   0x0000ab67       0x20 HAL_Driver/Src/stm32f0xx_hal.o
 .debug_macro   0x0000ab87      0x18e HAL_Driver/Src/stm32f0xx_hal.o
 .debug_macro   0x0000ad15       0x10 HAL_Driver/Src/stm32f0xx_hal.o
 .debug_macro   0x0000ad25       0x1c HAL_Driver/Src/stm32f0xx_hal.o
 .debug_macro   0x0000ad41       0x52 HAL_Driver/Src/stm32f0xx_hal.o
 .debug_macro   0x0000ad93       0x40 HAL_Driver/Src/stm32f0xx_hal.o
 .debug_macro   0x0000add3       0x10 HAL_Driver/Src/stm32f0xx_hal.o
 .debug_macro   0x0000ade3       0x40 HAL_Driver/Src/stm32f0xx_hal.o
 .debug_macro   0x0000ae23       0xd7 HAL_Driver/Src/stm32f0xx_hal.o
 .debug_macro   0x0000aefa       0x1c HAL_Driver/Src/stm32f0xx_hal.o
 .debug_macro   0x0000af16       0x3d HAL_Driver/Src/stm32f0xx_hal.o
 .debug_macro   0x0000af53       0x16 HAL_Driver/Src/stm32f0xx_hal.o
 .debug_macro   0x0000af69      0x16f HAL_Driver/Src/stm32f0xx_hal.o
 .debug_macro   0x0000b0d8       0x50 HAL_Driver/Src/stm32f0xx_hal.o
 .debug_macro   0x0000b128      0x92f HAL_Driver/Src/stm32f0xx_hal.o
 .debug_macro   0x0000ba57      0x252 HAL_Driver/Src/stm32f0xx_hal.o
 .debug_macro   0x0000bca9      0x13a HAL_Driver/Src/stm32f0xx_hal.o
 .debug_macro   0x0000bde3      0x114 HAL_Driver/Src/stm32f0xx_hal.o
 .debug_macro   0x0000bef7      0x1ed HAL_Driver/Src/stm32f0xx_hal.o
 .debug_macro   0x0000c0e4       0x34 HAL_Driver/Src/stm32f0xx_hal.o
 .debug_macro   0x0000c118       0x43 HAL_Driver/Src/stm32f0xx_hal.o
 .debug_macro   0x0000c15b       0x28 HAL_Driver/Src/stm32f0xx_hal.o
 .debug_macro   0x0000c183      0x33d HAL_Driver/Src/stm32f0xx_hal.o
 .debug_macro   0x0000c4c0       0xd4 HAL_Driver/Src/stm32f0xx_hal.o
 .debug_macro   0x0000c594      0x2e2 HAL_Driver/Src/stm32f0xx_hal.o
 .debug_macro   0x0000c876      0x27b HAL_Driver/Src/stm32f0xx_hal.o
 .debug_macro   0x0000caf1       0x81 HAL_Driver/Src/stm32f0xx_hal.o
 .debug_macro   0x0000cb72       0x5a HAL_Driver/Src/stm32f0xx_hal.o
 .debug_macro   0x0000cbcc       0x12 HAL_Driver/Src/stm32f0xx_hal.o
 .debug_macro   0x0000cbde       0xca HAL_Driver/Src/stm32f0xx_hal.o
 .debug_macro   0x0000cca8       0xd9 HAL_Driver/Src/stm32f0xx_hal.o
 .debug_macro   0x0000cd81       0xb6 HAL_Driver/Src/stm32f0xx_hal.o
 .debug_macro   0x0000ce37      0x199 HAL_Driver/Src/stm32f0xx_hal.o
 .debug_macro   0x0000cfd0      0x202 HAL_Driver/Src/stm32f0xx_hal.o
 .debug_macro   0x0000d1d2       0x61 HAL_Driver/Src/stm32f0xx_hal.o
 .debug_macro   0x0000d233       0x90 HAL_Driver/Src/stm32f0xx_hal.o
 .debug_macro   0x0000d2c3      0x1a0 HAL_Driver/Src/stm32f0xx_hal.o
 .debug_macro   0x0000d463      0x264 HAL_Driver/Src/stm32f0xx_hal.o
 .debug_macro   0x0000d6c7       0x2a HAL_Driver/Src/stm32f0xx_hal.o
 .debug_macro   0x0000d6f1       0x87 HAL_Driver/Src/stm32f0xx_hal.o
 .debug_macro   0x0000d778       0x4d HAL_Driver/Src/stm32f0xx_hal.o
 .debug_macro   0x0000d7c5      0x114 HAL_Driver/Src/stm32f0xx_hal.o
 .debug_macro   0x0000d8d9      0x2e2 HAL_Driver/Src/stm32f0xx_hal.o
 .debug_macro   0x0000dbbb      0x2cb HAL_Driver/Src/stm32f0xx_hal.o
 .debug_macro   0x0000de86       0xdd HAL_Driver/Src/stm32f0xx_hal.o
 .debug_macro   0x0000df63      0x391 HAL_Driver/Src/stm32f0xx_hal.o
 .debug_macro   0x0000e2f4       0x10 HAL_Driver/Src/stm32f0xx_hal.o
 .debug_macro   0x0000e304      0x356 HAL_Driver/Src/stm32f0xx_hal.o
 .debug_macro   0x0000e65a      0x2f0 HAL_Driver/Src/stm32f0xx_hal.o
 .debug_macro   0x0000e94a      0x845 HAL_Driver/Src/stm32f0xx_hal.o
 .debug_macro   0x0000f18f       0x4c HAL_Driver/Src/stm32f0xx_hal.o
 .debug_macro   0x0000f1db      0x46a HAL_Driver/Src/stm32f0xx_hal.o
 .debug_macro   0x0000f645      0x38a HAL_Driver/Src/stm32f0xx_hal.o
 .debug_macro   0x0000f9cf      0x1f7 HAL_Driver/Src/stm32f0xx_hal.o
 .debug_macro   0x0000fbc6      0x1df HAL_Driver/Src/stm32f0xx_hal.o
 .debug_macro   0x0000fda5       0x93 HAL_Driver/Src/stm32f0xx_hal.o
 .debug_macro   0x0000fe38       0x89 HAL_Driver/Src/stm32f0xx_hal.o
 .debug_macro   0x0000fec1      0x10d HAL_Driver/Src/stm32f0xx_hal.o
 .debug_macro   0x0000ffce      0x40e HAL_Driver/Src/stm32f0xx_hal_cortex.o
 .debug_macro   0x000103dc      0x435 src/main.o
 .debug_macro   0x00010811       0x8a src/main.o
 .debug_macro   0x0001089b      0x418 src/stm32f0xx_it.o
 .debug_macro   0x00010cb3      0x40e src/system_stm32f0xx.o

.debug_line     0x00000000     0x33da
 .debug_line    0x00000000      0xaaa HAL_Driver/Src/stm32f0xx_hal.o
 .debug_line    0x00000aaa      0xafc HAL_Driver/Src/stm32f0xx_hal_cortex.o
 .debug_line    0x000015a6      0xae5 src/main.o
 .debug_line    0x0000208b      0x962 src/stm32f0xx_it.o
 .debug_line    0x000029ed      0x96a src/system_stm32f0xx.o
 .debug_line    0x00003357       0x83 startup/startup_stm32f051x8.o

.debug_str      0x00000000    0x6bfc2
 .debug_str     0x00000000    0x6b7ab HAL_Driver/Src/stm32f0xx_hal.o
                              0x6ba9c (size before relaxing)
 .debug_str     0x0006b7ab      0x218 HAL_Driver/Src/stm32f0xx_hal_cortex.o
                              0x6b986 (size before relaxing)
 .debug_str     0x0006b9c3      0x53e src/main.o
                              0x6ba9e (size before relaxing)
 .debug_str     0x0006bf01       0x38 src/stm32f0xx_it.o
                              0x6b53c (size before relaxing)
 .debug_str     0x0006bf39       0x5a src/system_stm32f0xx.o
                              0x6b5b1 (size before relaxing)
 .debug_str     0x0006bf93       0x2f startup/startup_stm32f051x8.o
                                 0x4e (size before relaxing)

.comment        0x00000000       0x7f
 .comment       0x00000000       0x7f HAL_Driver/Src/stm32f0xx_hal.o
                                 0x80 (size before relaxing)
 .comment       0x0000007f       0x80 HAL_Driver/Src/stm32f0xx_hal_cortex.o
 .comment       0x0000007f       0x80 src/main.o
 .comment       0x0000007f       0x80 src/stm32f0xx_it.o
 .comment       0x0000007f       0x80 src/system_stm32f0xx.o

.debug_frame    0x00000000      0x828
 .debug_frame   0x00000000      0x248 HAL_Driver/Src/stm32f0xx_hal.o
 .debug_frame   0x00000248      0x2a0 HAL_Driver/Src/stm32f0xx_hal_cortex.o
 .debug_frame   0x000004e8      0x108 src/main.o
 .debug_frame   0x000005f0       0x2c src/stm32f0xx_it.o
 .debug_frame   0x0000061c       0x4c src/system_stm32f0xx.o
 .debug_frame   0x00000668       0x2c d:/ac6/systemworkbench/plugins/fr.ac6.mcu.externaltools.arm-none.win32_1.17.0.201812190825/tools/compiler/bin/../lib/gcc/arm-none-eabi/7.3.1/../../../../arm-none-eabi/lib/thumb/v6-m\libc.a(lib_a-init.o)
 .debug_frame   0x00000694       0x54 d:/ac6/systemworkbench/plugins/fr.ac6.mcu.externaltools.arm-none.win32_1.17.0.201812190825/tools/compiler/bin/../lib/gcc/arm-none-eabi/7.3.1/../../../../arm-none-eabi/lib/thumb/v6-m\libc.a(lib_a-__call_atexit.o)
 .debug_frame   0x000006e8       0x28 d:/ac6/systemworkbench/plugins/fr.ac6.mcu.externaltools.arm-none.win32_1.17.0.201812190825/tools/compiler/bin/../lib/gcc/arm-none-eabi/7.3.1/../../../../arm-none-eabi/lib/thumb/v6-m\libc.a(lib_a-atexit.o)
 .debug_frame   0x00000710       0x2c d:/ac6/systemworkbench/plugins/fr.ac6.mcu.externaltools.arm-none.win32_1.17.0.201812190825/tools/compiler/bin/../lib/gcc/arm-none-eabi/7.3.1/../../../../arm-none-eabi/lib/thumb/v6-m\libc.a(lib_a-fini.o)
 .debug_frame   0x0000073c       0xb0 d:/ac6/systemworkbench/plugins/fr.ac6.mcu.externaltools.arm-none.win32_1.17.0.201812190825/tools/compiler/bin/../lib/gcc/arm-none-eabi/7.3.1/../../../../arm-none-eabi/lib/thumb/v6-m\libc.a(lib_a-lock.o)
 .debug_frame   0x000007ec       0x3c d:/ac6/systemworkbench/plugins/fr.ac6.mcu.externaltools.arm-none.win32_1.17.0.201812190825/tools/compiler/bin/../lib/gcc/arm-none-eabi/7.3.1/../../../../arm-none-eabi/lib/thumb/v6-m\libc.a(lib_a-__atexit.o)
