Archive member included to satisfy reference by file (symbol)

d:/ac6/systemworkbench/plugins/fr.ac6.mcu.externaltools.arm-none.win32_1.17.0.201812190825/tools/compiler/bin/../lib/gcc/arm-none-eabi/7.3.1/thumb/v6-m\libgcc.a(_udivsi3.o)
                              HAL_Driver/Src/stm32f0xx_hal.o (__aeabi_uidiv)
d:/ac6/systemworkbench/plugins/fr.ac6.mcu.externaltools.arm-none.win32_1.17.0.201812190825/tools/compiler/bin/../lib/gcc/arm-none-eabi/7.3.1/thumb/v6-m\libgcc.a(_divsi3.o)
                              HAL_Driver/Src/stm32f0xx_hal_i2s.o (__aeabi_idiv)
d:/ac6/systemworkbench/plugins/fr.ac6.mcu.externaltools.arm-none.win32_1.17.0.201812190825/tools/compiler/bin/../lib/gcc/arm-none-eabi/7.3.1/thumb/v6-m\libgcc.a(_dvmd_tls.o)
                              d:/ac6/systemworkbench/plugins/fr.ac6.mcu.externaltools.arm-none.win32_1.17.0.201812190825/tools/compiler/bin/../lib/gcc/arm-none-eabi/7.3.1/thumb/v6-m\libgcc.a(_udivsi3.o) (__aeabi_idiv0)
d:/ac6/systemworkbench/plugins/fr.ac6.mcu.externaltools.arm-none.win32_1.17.0.201812190825/tools/compiler/bin/../lib/gcc/arm-none-eabi/7.3.1/../../../../arm-none-eabi/lib/thumb/v6-m\libc.a(lib_a-errno.o)
                              src/syscalls.o (__errno)
d:/ac6/systemworkbench/plugins/fr.ac6.mcu.externaltools.arm-none.win32_1.17.0.201812190825/tools/compiler/bin/../lib/gcc/arm-none-eabi/7.3.1/../../../../arm-none-eabi/lib/thumb/v6-m\libc.a(lib_a-exit.o)
                              d:/ac6/systemworkbench/plugins/fr.ac6.mcu.externaltools.arm-none.win32_1.17.0.201812190825/tools/compiler/bin/../lib/gcc/arm-none-eabi/7.3.1/../../../../arm-none-eabi/lib/thumb/v6-m/crt0.o (exit)
d:/ac6/systemworkbench/plugins/fr.ac6.mcu.externaltools.arm-none.win32_1.17.0.201812190825/tools/compiler/bin/../lib/gcc/arm-none-eabi/7.3.1/../../../../arm-none-eabi/lib/thumb/v6-m\libc.a(lib_a-impure.o)
                              d:/ac6/systemworkbench/plugins/fr.ac6.mcu.externaltools.arm-none.win32_1.17.0.201812190825/tools/compiler/bin/../lib/gcc/arm-none-eabi/7.3.1/../../../../arm-none-eabi/lib/thumb/v6-m\libc.a(lib_a-exit.o) (_global_impure_ptr)
d:/ac6/systemworkbench/plugins/fr.ac6.mcu.externaltools.arm-none.win32_1.17.0.201812190825/tools/compiler/bin/../lib/gcc/arm-none-eabi/7.3.1/../../../../arm-none-eabi/lib/thumb/v6-m\libc.a(lib_a-init.o)
                              d:/ac6/systemworkbench/plugins/fr.ac6.mcu.externaltools.arm-none.win32_1.17.0.201812190825/tools/compiler/bin/../lib/gcc/arm-none-eabi/7.3.1/../../../../arm-none-eabi/lib/thumb/v6-m/crt0.o (__libc_init_array)
d:/ac6/systemworkbench/plugins/fr.ac6.mcu.externaltools.arm-none.win32_1.17.0.201812190825/tools/compiler/bin/../lib/gcc/arm-none-eabi/7.3.1/../../../../arm-none-eabi/lib/thumb/v6-m\libc.a(lib_a-memset.o)
                              d:/ac6/systemworkbench/plugins/fr.ac6.mcu.externaltools.arm-none.win32_1.17.0.201812190825/tools/compiler/bin/../lib/gcc/arm-none-eabi/7.3.1/../../../../arm-none-eabi/lib/thumb/v6-m/crt0.o (memset)
d:/ac6/systemworkbench/plugins/fr.ac6.mcu.externaltools.arm-none.win32_1.17.0.201812190825/tools/compiler/bin/../lib/gcc/arm-none-eabi/7.3.1/../../../../arm-none-eabi/lib/thumb/v6-m\libc.a(lib_a-__call_atexit.o)
                              d:/ac6/systemworkbench/plugins/fr.ac6.mcu.externaltools.arm-none.win32_1.17.0.201812190825/tools/compiler/bin/../lib/gcc/arm-none-eabi/7.3.1/../../../../arm-none-eabi/lib/thumb/v6-m\libc.a(lib_a-exit.o) (__call_exitprocs)
d:/ac6/systemworkbench/plugins/fr.ac6.mcu.externaltools.arm-none.win32_1.17.0.201812190825/tools/compiler/bin/../lib/gcc/arm-none-eabi/7.3.1/../../../../arm-none-eabi/lib/thumb/v6-m\libc.a(lib_a-atexit.o)
                              d:/ac6/systemworkbench/plugins/fr.ac6.mcu.externaltools.arm-none.win32_1.17.0.201812190825/tools/compiler/bin/../lib/gcc/arm-none-eabi/7.3.1/../../../../arm-none-eabi/lib/thumb/v6-m\libc.a(lib_a-__call_atexit.o) (atexit)
d:/ac6/systemworkbench/plugins/fr.ac6.mcu.externaltools.arm-none.win32_1.17.0.201812190825/tools/compiler/bin/../lib/gcc/arm-none-eabi/7.3.1/../../../../arm-none-eabi/lib/thumb/v6-m\libc.a(lib_a-fini.o)
                              d:/ac6/systemworkbench/plugins/fr.ac6.mcu.externaltools.arm-none.win32_1.17.0.201812190825/tools/compiler/bin/../lib/gcc/arm-none-eabi/7.3.1/../../../../arm-none-eabi/lib/thumb/v6-m\libc.a(lib_a-__call_atexit.o) (__libc_fini_array)
d:/ac6/systemworkbench/plugins/fr.ac6.mcu.externaltools.arm-none.win32_1.17.0.201812190825/tools/compiler/bin/../lib/gcc/arm-none-eabi/7.3.1/../../../../arm-none-eabi/lib/thumb/v6-m\libc.a(lib_a-lock.o)
                              d:/ac6/systemworkbench/plugins/fr.ac6.mcu.externaltools.arm-none.win32_1.17.0.201812190825/tools/compiler/bin/../lib/gcc/arm-none-eabi/7.3.1/../../../../arm-none-eabi/lib/thumb/v6-m\libc.a(lib_a-__call_atexit.o) (__retarget_lock_acquire_recursive)
[...]
Memory Configuration

Name             Origin             Length             Attributes
FLASH            0x08000000         0x00010000         xr
RAM              0x20000000         0x00002000         xrw
*default*        0x00000000         0xffffffff

Linker script and memory map

LOAD d:/ac6/systemworkbench/plugins/fr.ac6.mcu.externaltools.arm-none.win32_1.17.0.201812190825/tools/compiler/bin/../lib/gcc/arm-none-eabi/7.3.1/thumb/v6-m/crti.o
LOAD d:/ac6/systemworkbench/plugins/fr.ac6.mcu.externaltools.arm-none.win32_1.17.0.201812190825/tools/compiler/bin/../lib/gcc/arm-none-eabi/7.3.1/thumb/v6-m/crtbegin.o
LOAD d:/ac6/systemworkbench/plugins/fr.ac6.mcu.externaltools.arm-none.win32_1.17.0.201812190825/tools/compiler/bin/../lib/gcc/arm-none-eabi/7.3.1/../../../../arm-none-eabi/lib/thumb/v6-m/crt0.o
LOAD HAL_Driver/Src/stm32f0xx_hal.o
LOAD HAL_Driver/Src/stm32f0xx_hal_adc.o
LOAD HAL_Driver/Src/stm32f0xx_hal_adc_ex.o
LOAD HAL_Driver/Src/stm32f0xx_hal_can.o
LOAD HAL_Driver/Src/stm32f0xx_hal_cec.o
LOAD HAL_Driver/Src/stm32f0xx_hal_comp.o
LOAD HAL_Driver/Src/stm32f0xx_hal_cortex.o
LOAD HAL_Driver/Src/stm32f0xx_hal_crc.o
LOAD HAL_Driver/Src/stm32f0xx_hal_crc_ex.o
LOAD HAL_Driver/Src/stm32f0xx_hal_dac.o
LOAD HAL_Driver/Src/stm32f0xx_hal_dac_ex.o
LOAD HAL_Driver/Src/stm32f0xx_hal_dma.o
LOAD HAL_Driver/Src/stm32f0xx_hal_flash.o
LOAD HAL_Driver/Src/stm32f0xx_hal_flash_ex.o
LOAD HAL_Driver/Src/stm32f0xx_hal_gpio.o
LOAD HAL_Driver/Src/stm32f0xx_hal_i2c.o
LOAD HAL_Driver/Src/stm32f0xx_hal_i2c_ex.o
LOAD HAL_Driver/Src/stm32f0xx_hal_i2s.o
LOAD HAL_Driver/Src/stm32f0xx_hal_irda.o
LOAD HAL_Driver/Src/stm32f0xx_hal_iwdg.o
LOAD HAL_Driver/Src/stm32f0xx_hal_msp_template.o
LOAD HAL_Driver/Src/stm32f0xx_hal_pcd.o
LOAD HAL_Driver/Src/stm32f0xx_hal_pcd_ex.o
LOAD HAL_Driver/Src/stm32f0xx_hal_pwr.o
LOAD HAL_Driver/Src/stm32f0xx_hal_pwr_ex.o
LOAD HAL_Driver/Src/stm32f0xx_hal_rcc.o
LOAD HAL_Driver/Src/stm32f0xx_hal_rcc_ex.o
LOAD HAL_Driver/Src/stm32f0xx_hal_rtc.o
LOAD HAL_Driver/Src/stm32f0xx_hal_rtc_ex.o
LOAD HAL_Driver/Src/stm32f0xx_hal_smartcard.o
LOAD HAL_Driver/Src/stm32f0xx_hal_smartcard_ex.o
LOAD HAL_Driver/Src/stm32f0xx_hal_smbus.o
LOAD HAL_Driver/Src/stm32f0xx_hal_spi.o
LOAD HAL_Driver/Src/stm32f0xx_hal_spi_ex.o
LOAD HAL_Driver/Src/stm32f0xx_hal_tim.o
LOAD HAL_Driver/Src/stm32f0xx_hal_tim_ex.o
LOAD HAL_Driver/Src/stm32f0xx_hal_tsc.o
LOAD HAL_Driver/Src/stm32f0xx_hal_uart.o
LOAD HAL_Driver/Src/stm32f0xx_hal_uart_ex.o
LOAD HAL_Driver/Src/stm32f0xx_hal_usart.o
LOAD HAL_Driver/Src/stm32f0xx_hal_wwdg.o
LOAD HAL_Driver/Src/stm32f0xx_ll_adc.o
LOAD HAL_Driver/Src/stm32f0xx_ll_comp.o
LOAD HAL_Driver/Src/stm32f0xx_ll_crc.o
LOAD HAL_Driver/Src/stm32f0xx_ll_crs.o
LOAD HAL_Driver/Src/stm32f0xx_ll_dac.o
LOAD HAL_Driver/Src/stm32f0xx_ll_dma.o
LOAD HAL_Driver/Src/stm32f0xx_ll_exti.o
LOAD HAL_Driver/Src/stm32f0xx_ll_gpio.o
LOAD HAL_Driver/Src/stm32f0xx_ll_i2c.o
LOAD HAL_Driver/Src/stm32f0xx_ll_pwr.o
LOAD HAL_Driver/Src/stm32f0xx_ll_rcc.o
LOAD HAL_Driver/Src/stm32f0xx_ll_rtc.o
LOAD HAL_Driver/Src/stm32f0xx_ll_spi.o
LOAD HAL_Driver/Src/stm32f0xx_ll_tim.o
LOAD HAL_Driver/Src/stm32f0xx_ll_usart.o
LOAD HAL_Driver/Src/stm32f0xx_ll_utils.o
LOAD Utilities/STM32F0308-Discovery/stm32f0308_discovery.o
LOAD src/ILI9341_Driver.o
LOAD src/display.o
LOAD src/main.o
LOAD src/stm32f0xx_it.o
LOAD src/syscalls.o
LOAD src/system_stm32f0xx.o
LOAD startup/startup_stm32f051x8.o
LOAD d:/ac6/systemworkbench/plugins/fr.ac6.mcu.externaltools.arm-none.win32_1.17.0.201812190825/tools/compiler/bin/../lib/gcc/arm-none-eabi/7.3.1/../../../../arm-none-eabi/lib/thumb/v6-m\libm.a
START GROUP
LOAD d:/ac6/systemworkbench/plugins/fr.ac6.mcu.externaltools.arm-none.win32_1.17.0.201812190825/tools/compiler/bin/../lib/gcc/arm-none-eabi/7.3.1/thumb/v6-m\libgcc.a
LOAD d:/ac6/systemworkbench/plugins/fr.ac6.mcu.externaltools.arm-none.win32_1.17.0.201812190825/tools/compiler/bin/../lib/gcc/arm-none-eabi/7.3.1/../../../../arm-none-eabi/lib/thumb/v6-m\libc.a
END GROUP
LOAD d:/ac6/systemworkbench/plugins/fr.ac6.mcu.externaltools.arm-none.win32_1.17.0.201812190825/tools/compiler/bin/../lib/gcc/arm-none-eabi/7.3.1/thumb/v6-m/crtend.o
LOAD d:/ac6/systemworkbench/plugins/fr.ac6.mcu.externaltools.arm-none.win32_1.17.0.201812190825/tools/compiler/bin/../lib/gcc/arm-none-eabi/7.3.1/thumb/v6-m/crtn.o
                0x20002000                _estack = 0x20002000
                0x00000000                _Min_Heap_Size = 0x0
                0x00000080                _Min_Stack_Size = 0x80

.isr_vector     0x08000000       0xc0
                0x08000000                . = ALIGN (0x4)
 *(.isr_vector)
 .isr_vector    0x08000000       0xc0 startup/startup_stm32f051x8.o
                0x08000000                g_pfnVectors
                0x080000c0                . = ALIGN (0x4)

.text           0x080000c0     0xaea8
                0x080000c0                . = ALIGN (0x4)
 *(.text)
 .text          0x080000c0       0x48 d:/ac6/systemworkbench/plugins/fr.ac6.mcu.externaltools.arm-none.win32_1.17.0.201812190825/tools/compiler/bin/../lib/gcc/arm-none-eabi/7.3.1/thumb/v6-m/crtbegin.o
 .text          0x08000108      0x114 d:/ac6/systemworkbench/plugins/fr.ac6.mcu.externaltools.arm-none.win32_1.17.0.201812190825/tools/compiler/bin/../lib/gcc/arm-none-eabi/7.3.1/thumb/v6-m\libgcc.a(_udivsi3.o)
                0x08000108                __aeabi_uidiv
                0x08000108                __udivsi3
                0x08000214                __aeabi_uidivmod
 .text          0x0800021c        0x4 d:/ac6/systemworkbench/plugins/fr.ac6.mcu.externaltools.arm-none.win32_1.17.0.201812190825/tools/compiler/bin/../lib/gcc/arm-none-eabi/7.3.1/thumb/v6-m\libgcc.a(_dvmd_tls.o)
                0x0800021c                __aeabi_idiv0
                0x0800021c                __aeabi_ldiv0
 *(.text*)
 .text.HAL_InitTick
                0x08000220       0x24 HAL_Driver/Src/stm32f0xx_hal.o
                0x08000220                HAL_InitTick
 .text.HAL_Init
                0x08000244       0x20 HAL_Driver/Src/stm32f0xx_hal.o
                0x08000244                HAL_Init
 .text.HAL_IncTick
                0x08000264       0x10 HAL_Driver/Src/stm32f0xx_hal.o
                0x08000264                HAL_IncTick
 .text.HAL_GetTick
                0x08000274        0xc HAL_Driver/Src/stm32f0xx_hal.o
                0x08000274                HAL_GetTick
 .text.HAL_Delay
                0x08000280       0x24 HAL_Driver/Src/stm32f0xx_hal.o
                0x08000280                HAL_Delay
 .text.HAL_NVIC_SetPriority
                0x080002a4       0x58 HAL_Driver/Src/stm32f0xx_hal_cortex.o
                0x080002a4                HAL_NVIC_SetPriority
 .text.HAL_SYSTICK_Config
                0x080002fc       0x38 HAL_Driver/Src/stm32f0xx_hal_cortex.o
                0x080002fc                HAL_SYSTICK_Config
 .text.HAL_SYSTICK_CLKSourceConfig
                0x08000334       0x1c HAL_Driver/Src/stm32f0xx_hal_cortex.o
                0x08000334                HAL_SYSTICK_CLKSourceConfig
 .text.HAL_SYSTICK_Callback
                0x08000350        0x4 HAL_Driver/Src/stm32f0xx_hal_cortex.o
                0x08000350                HAL_SYSTICK_Callback
 .text.HAL_SYSTICK_IRQHandler
                0x08000354        0x8 HAL_Driver/Src/stm32f0xx_hal_cortex.o
                0x08000354                HAL_SYSTICK_IRQHandler
 .text.HAL_GPIO_Init
                0x0800035c      0x1e4 HAL_Driver/Src/stm32f0xx_hal_gpio.o
                0x0800035c                HAL_GPIO_Init
 .text.HAL_GPIO_WritePin
                0x08000540        0xc HAL_Driver/Src/stm32f0xx_hal_gpio.o
                0x08000540                HAL_GPIO_WritePin
 .text.HAL_MspInit
                0x0800054c        0x4 HAL_Driver/Src/stm32f0xx_hal_msp_template.o
                0x0800054c                HAL_MspInit
 .text.HAL_RCC_OscConfig
                0x08000550      0x460 HAL_Driver/Src/stm32f0xx_hal_rcc.o
                0x08000550                HAL_RCC_OscConfig
 .text.HAL_RCC_GetHCLKFreq
                0x080009b0        0xc HAL_Driver/Src/stm32f0xx_hal_rcc.o
                0x080009b0                HAL_RCC_GetHCLKFreq
 .text.SPI_EndRxTxTransaction
                0x080009bc      0x100 HAL_Driver/Src/stm32f0xx_hal_spi.o
 .text.HAL_SPI_MspInit
                0x08000abc        0x4 HAL_Driver/Src/stm32f0xx_hal_spi.o
                0x08000abc                HAL_SPI_MspInit
 .text.HAL_SPI_Init
                0x08000ac0      0x10c HAL_Driver/Src/stm32f0xx_hal_spi.o
                0x08000ac0                HAL_SPI_Init
 .text.HAL_SPI_Transmit
                0x08000bcc      0x2a0 HAL_Driver/Src/stm32f0xx_hal_spi.o
                0x08000bcc                HAL_SPI_Transmit
 .text.ILI9341_Send_Burst
                0x08000e6c      0x2d0 src/ILI9341_Driver.o
 .text.ILI9341_Init
                0x0800113c      0xe58 src/ILI9341_Driver.o
                0x0800113c                ILI9341_Init
 .text.ILI9341_Set_Rotation
                0x08001f94      0x100 src/ILI9341_Driver.o
                0x08001f94                ILI9341_Set_Rotation
 .text.ILI9341_SPI_Send_32
                0x08002094       0x88 src/ILI9341_Driver.o
                0x08002094                ILI9341_SPI_Send_32
 .text.ILI9341_Draw_Pixel.part.0
                0x0800211c       0x8c src/ILI9341_Driver.o
 .text.ILI9341_Draw_Char
                0x080021a8      0x20c src/ILI9341_Driver.o
 .text.ILI9341_Fill_Screen
                0x080023b4       0xbc src/ILI9341_Driver.o
                0x080023b4                ILI9341_Fill_Screen
 .text.ILI9341_Draw_Pixel
                0x08002470       0x94 src/ILI9341_Driver.o
                0x08002470                ILI9341_Draw_Pixel
 .text.ILI9341_Draw_Empty_Rectangle
                0x08002504      0x264 src/ILI9341_Driver.o
                0x08002504                ILI9341_Draw_Empty_Rectangle
 .text.ILI9341_Draw_Circle
                0x08002768      0x58c src/ILI9341_Driver.o
                0x08002768                ILI9341_Draw_Circle
 .text.ILI9341_Draw_String
                0x08002cf4      0x108 src/ILI9341_Driver.o
                0x08002cf4                ILI9341_Draw_String
 .text.Display_Menu
                0x08002dfc       0xc4 src/display.o
                0x08002dfc                Display_Menu
 .text.SystemClock_Config
                0x08002ec0       0x60 src/main.o
                0x08002ec0                SystemClock_Config
 .text.startup.main
                0x08002f20       0xc8 src/main.o
                0x08002f20                main
 .text._Error_Handler
                0x08002fe8        0x4 src/main.o
                0x08002fe8                _Error_Handler
 .text.SysTick_Handler
                0x08002fec        0xc src/stm32f0xx_it.o
                0x08002fec                SysTick_Handler
 .text.SystemInit
                0x08002ff8       0x60 src/system_stm32f0xx.o
                0x08002ff8                SystemInit
 .text.Reset_Handler
                0x08003058       0x50 startup/startup_stm32f051x8.o
                0x08003058                Reset_Handler
 .text.Default_Handler
                0x080030a8        0x2 startup/startup_stm32f051x8.o
                0x080030a8                TIM1_CC_IRQHandler
                0x080030a8                TSC_IRQHandler
                0x080030a8                HardFault_Handler
                0x080030a8                ADC1_COMP_IRQHandler
                0x080030a8                PVD_IRQHandler
                0x080030a8                PendSV_Handler
                0x080030a8                NMI_Handler
                0x080030a8                I2C1_IRQHandler
                0x080030a8                RCC_CRS_IRQHandler
                0x080030a8                SPI1_IRQHandler
                0x080030a8                TIM6_DAC_IRQHandler
                0x080030a8                EXTI2_3_IRQHandler
                0x080030a8                I2C2_IRQHandler
                0x080030a8                TIM17_IRQHandler
                0x080030a8                CEC_CAN_IRQHandler
                0x080030a8                RTC_IRQHandler
                0x080030a8                TIM16_IRQHandler
                0x080030a8                TIM3_IRQHandler
                0x080030a8                EXTI4_15_IRQHandler
                0x080030a8                DMA1_Channel1_IRQHandler
                0x080030a8                Default_Handler
                0x080030a8                TIM14_IRQHandler
                0x080030a8                DMA1_Channel4_5_IRQHandler
                0x080030a8                TIM15_IRQHandler
                0x080030a8                EXTI0_1_IRQHandler
                0x080030a8                SPI2_IRQHandler
                0x080030a8                SVC_Handler
                0x080030a8                WWDG_IRQHandler
                0x080030a8                TIM2_IRQHandler
                0x080030a8                DMA1_Channel2_3_IRQHandler
                0x080030a8                USART2_IRQHandler
                0x080030a8                FLASH_IRQHandler
                0x080030a8                USART1_IRQHandler
                0x080030a8                TIM1_BRK_UP_TRG_COM_IRQHandler
 *fill*         0x080030aa        0x2 
 .text.__libc_init_array
                0x080030ac       0x48 d:/ac6/systemworkbench/plugins/fr.ac6.mcu.externaltools.arm-none.win32_1.17.0.201812190825/tools/compiler/bin/../lib/gcc/arm-none-eabi/7.3.1/../../../../arm-none-eabi/lib/thumb/v6-m\libc.a(lib_a-init.o)
                0x080030ac                __libc_init_array
 .text.startup.register_fini
                0x080030f4       0x18 d:/ac6/systemworkbench/plugins/fr.ac6.mcu.externaltools.arm-none.win32_1.17.0.201812190825/tools/compiler/bin/../lib/gcc/arm-none-eabi/7.3.1/../../../../arm-none-eabi/lib/thumb/v6-m\libc.a(lib_a-__call_atexit.o)
 .text.atexit   0x0800310c       0x10 d:/ac6/systemworkbench/plugins/fr.ac6.mcu.externaltools.arm-none.win32_1.17.0.201812190825/tools/compiler/bin/../lib/gcc/arm-none-eabi/7.3.1/../../../../arm-none-eabi/lib/thumb/v6-m\libc.a(lib_a-atexit.o)
                0x0800310c                atexit
 .text.__libc_fini_array
                0x0800311c       0x34 d:/ac6/systemworkbench/plugins/fr.ac6.mcu.externaltools.arm-none.win32_1.17.0.201812190825/tools/compiler/bin/../lib/gcc/arm-none-eabi/7.3.1/../../../../arm-none-eabi/lib/thumb/v6-m\libc.a(lib_a-fini.o)
                0x0800311c                __libc_fini_array
 .text.__retarget_lock_acquire_recursive
                0x08003150        0x4 d:/ac6/systemworkbench/plugins/fr.ac6.mcu.externaltools.arm-none.win32_1.17.0.201812190825/tools/compiler/bin/../lib/gcc/arm-none-eabi/7.3.1/../../../../arm-none-eabi/lib/thumb/v6-m\libc.a(lib_a-lock.o)
                0x08003150                __retarget_lock_acquire_recursive
 .text.__retarget_lock_release_recursive
                0x08003154        0x4 d:/ac6/systemworkbench/plugins/fr.ac6.mcu.externaltools.arm-none.win32_1.17.0.201812190825/tools/compiler/bin/../lib/gcc/arm-none-eabi/7.3.1/../../../../arm-none-eabi/lib/thumb/v6-m\libc.a(lib_a-lock.o)
                0x08003154                __retarget_lock_release_recursive
 .text.__register_exitproc
                0x08003158       0xf4 d:/ac6/systemworkbench/plugins/fr.ac6.mcu.externaltools.arm-none.win32_1.17.0.201812190825/tools/compiler/bin/../lib/gcc/arm-none-eabi/7.3.1/../../../../arm-none-eabi/lib/thumb/v6-m\libc.a(lib_a-__atexit.o)
                0x08003158                __register_exitproc
 *(.rodata)
 .rodata        0x0800324c      0x8c8 src/ILI9341_Driver.o
 .rodata        0x08003b14     0x73a0 src/display.o
                0x08003b14                back_icon_40x40
                0x08005414                home_icon_20x20
                0x08005a54                home_icon_40x40
                0x08007354                home_icon_60x60
                0x0800ab94                battery_icon
 *(.rodata*)
 .rodata.str1.4
                0x0800aeb4       0x18 src/ILI9341_Driver.o
 .rodata.str1.4
                0x0800aecc       0x80 src/display.o
                                 0x7e (size before relaxing)
 .rodata._global_impure_ptr
                0x0800af4c        0x4 d:/ac6/systemworkbench/plugins/fr.ac6.mcu.externaltools.arm-none.win32_1.17.0.201812190825/tools/compiler/bin/../lib/gcc/arm-none-eabi/7.3.1/../../../../arm-none-eabi/lib/thumb/v6-m\libc.a(lib_a-impure.o)
                0x0800af4c                _global_impure_ptr
 *(.glue_7)
 .glue_7        0x0800af50        0x0 linker stubs
 *(.glue_7t)
 .glue_7t       0x0800af50        0x0 linker stubs
 *(.eh_frame)
 .eh_frame      0x0800af50        0x0 d:/ac6/systemworkbench/plugins/fr.ac6.mcu.externaltools.arm-none.win32_1.17.0.201812190825/tools/compiler/bin/../lib/gcc/arm-none-eabi/7.3.1/thumb/v6-m/crtbegin.o
 *(.init)
 .init          0x0800af50        0x4 d:/ac6/systemworkbench/plugins/fr.ac6.mcu.externaltools.arm-none.win32_1.17.0.201812190825/tools/compiler/bin/../lib/gcc/arm-none-eabi/7.3.1/thumb/v6-m/crti.o
                0x0800af50                _init
 .init          0x0800af54        0x8 d:/ac6/systemworkbench/plugins/fr.ac6.mcu.externaltools.arm-none.win32_1.17.0.201812190825/tools/compiler/bin/../lib/gcc/arm-none-eabi/7.3.1/thumb/v6-m/crtn.o
 *(.fini)
 .fini          0x0800af5c        0x4 d:/ac6/systemworkbench/plugins/fr.ac6.mcu.externaltools.arm-none.win32_1.17.0.201812190825/tools/compiler/bin/../lib/gcc/arm-none-eabi/7.3.1/thumb/v6-m/crti.o
                0x0800af5c                _fini
 .fini          0x0800af60        0x8 d:/ac6/systemworkbench/plugins/fr.ac6.mcu.externaltools.arm-none.win32_1.17.0.201812190825/tools/compiler/bin/../lib/gcc/arm-none-eabi/7.3.1/thumb/v6-m/crtn.o
                0x0800af68                . = ALIGN (0x4)
                0x0800af68                _etext = .

.vfp11_veneer   0x0800af68        0x0
 .vfp11_veneer  0x0800af68        0x0 linker stubs

.v4_bx          0x0800af68        0x0
 .v4_bx         0x0800af68        0x0 linker stubs

.iplt           0x0800af68        0x0
 .iplt          0x0800af68        0x0 d:/ac6/systemworkbench/plugins/fr.ac6.mcu.externaltools.arm-none.win32_1.17.0.201812190825/tools/compiler/bin/../lib/gcc/arm-none-eabi/7.3.1/thumb/v6-m/crtbegin.o

.rel.dyn        0x0800af68        0x0
 .rel.iplt      0x0800af68        0x0 d:/ac6/systemworkbench/plugins/fr.ac6.mcu.externaltools.arm-none.win32_1.17.0.201812190825/tools/compiler/bin/../lib/gcc/arm-none-eabi/7.3.1/thumb/v6-m/crtbegin.o

.ARM.extab
 *(.ARM.extab* .gnu.linkonce.armextab.*)

.ARM            0x0800af68        0x0
                0x0800af68                __exidx_start = .
 *(.ARM.exidx*)
                0x0800af68                __exidx_end = .

.preinit_array  0x0800af68        0x0
                0x0800af68                PROVIDE (__preinit_array_start = .)
 *(.preinit_array*)
                0x0800af68                PROVIDE (__preinit_array_end = .)

.init_array     0x0800af68        0x8
                0x0800af68                PROVIDE (__init_array_start = .)
 *(SORT_BY_NAME(.init_array.*))
 .init_array.00000
                0x0800af68        0x4 d:/ac6/systemworkbench/plugins/fr.ac6.mcu.externaltools.arm-none.win32_1.17.0.201812190825/tools/compiler/bin/../lib/gcc/arm-none-eabi/7.3.1/../../../../arm-none-eabi/lib/thumb/v6-m\libc.a(lib_a-__call_atexit.o)
 *(.init_array*)
 .init_array    0x0800af6c        0x4 d:/ac6/systemworkbench/plugins/fr.ac6.mcu.externaltools.arm-none.win32_1.17.0.201812190825/tools/compiler/bin/../lib/gcc/arm-none-eabi/7.3.1/thumb/v6-m/crtbegin.o
                0x0800af70                PROVIDE (__init_array_end = .)

.fini_array     0x0800af70        0x4
                0x0800af70                PROVIDE (__fini_array_start = .)
 *(SORT_BY_NAME(.fini_array.*))
 *(.fini_array*)
 .fini_array    0x0800af70        0x4 d:/ac6/systemworkbench/plugins/fr.ac6.mcu.externaltools.arm-none.win32_1.17.0.201812190825/tools/compiler/bin/../lib/gcc/arm-none-eabi/7.3.1/thumb/v6-m/crtbegin.o
                0x0800af74                PROVIDE (__fini_array_end = .)
                0x0800af74                _sidata = LOADADDR (.data)

.data           0x20000000      0x43c load address 0x0800af74
                0x20000000                . = ALIGN (0x4)
                0x20000000                _sdata = .
 *(.data)
 .data          0x20000000        0x8 src/ILI9341_Driver.o
 .data          0x20000008        0x4 src/system_stm32f0xx.o
                0x20000008                SystemCoreClock
 *(.data*)
 *fill*         0x2000000c        0x4 
 .data.impure_data
                0x20000010      0x428 d:/ac6/systemworkbench/plugins/fr.ac6.mcu.externaltools.arm-none.win32_1.17.0.201812190825/tools/compiler/bin/../lib/gcc/arm-none-eabi/7.3.1/../../../../arm-none-eabi/lib/thumb/v6-m\libc.a(lib_a-impure.o)
 .data.__atexit_recursive_mutex
                0x20000438        0x4 d:/ac6/systemworkbench/plugins/fr.ac6.mcu.externaltools.arm-none.win32_1.17.0.201812190825/tools/compiler/bin/../lib/gcc/arm-none-eabi/7.3.1/../../../../arm-none-eabi/lib/thumb/v6-m\libc.a(lib_a-__call_atexit.o)
                0x20000438                __atexit_recursive_mutex
                0x2000043c                . = ALIGN (0x4)
                0x2000043c                _edata = .

.igot.plt       0x2000043c        0x0 load address 0x0800b3b0
 .igot.plt      0x2000043c        0x0 d:/ac6/systemworkbench/plugins/fr.ac6.mcu.externaltools.arm-none.win32_1.17.0.201812190825/tools/compiler/bin/../lib/gcc/arm-none-eabi/7.3.1/thumb/v6-m/crtbegin.o
                0x2000043c                . = ALIGN (0x4)

.bss            0x2000043c       0xac load address 0x0800b3b0
                0x2000043c                _sbss = .
                0x2000043c                __bss_start__ = _sbss
 *(.bss)
 .bss           0x2000043c       0x1c d:/ac6/systemworkbench/plugins/fr.ac6.mcu.externaltools.arm-none.win32_1.17.0.201812190825/tools/compiler/bin/../lib/gcc/arm-none-eabi/7.3.1/thumb/v6-m/crtbegin.o
 .bss           0x20000458       0x64 src/ILI9341_Driver.o
 *(.bss*)
 *(COMMON)
 COMMON         0x200004bc        0x4 HAL_Driver/Src/stm32f0xx_hal.o
                0x200004bc                uwTick
 COMMON         0x200004c0        0x1 src/ILI9341_Driver.o
                0x200004c0                hh
 *fill*         0x200004c1        0x3 
 COMMON         0x200004c4       0x21 d:/ac6/systemworkbench/plugins/fr.ac6.mcu.externaltools.arm-none.win32_1.17.0.201812190825/tools/compiler/bin/../lib/gcc/arm-none-eabi/7.3.1/../../../../arm-none-eabi/lib/thumb/v6-m\libc.a(lib_a-lock.o)
                0x200004c4                __lock___atexit_recursive_mutex
                0x200004c8                __lock___arc4random_mutex
                0x200004cc                __lock___env_recursive_mutex
                0x200004d0                __lock___sinit_recursive_mutex
                0x200004d4                __lock___malloc_recursive_mutex
                0x200004d8                __lock___at_quick_exit_mutex
                0x200004dc                __lock___dd_hash_mutex
                0x200004e0                __lock___tz_mutex
                0x200004e4                __lock___sfp_recursive_mutex
                0x200004e8                . = ALIGN (0x4)
 *fill*         0x200004e5        0x3 
                0x200004e8                _ebss = .
                0x200004e8                __bss_end__ = _ebss

._user_heap_stack
                0x200004e8       0x80 load address 0x0800b3b0
                0x200004e8                . = ALIGN (0x8)
                0x200004e8                PROVIDE (end = .)
                [!provide]                PROVIDE (_end = .)
                0x200004e8                . = (. + _Min_Heap_Size)
                0x20000568                . = (. + _Min_Stack_Size)
 *fill*         0x200004e8       0x80 
                0x20000568                . = ALIGN (0x8)

.ARM.attributes
                0x00000000       0x28
 *(.ARM.attributes)
 .ARM.attributes
                0x00000000       0x1e d:/ac6/systemworkbench/plugins/fr.ac6.mcu.externaltools.arm-none.win32_1.17.0.201812190825/tools/compiler/bin/../lib/gcc/arm-none-eabi/7.3.1/thumb/v6-m/crti.o
 .ARM.attributes
                0x0000001e       0x2c d:/ac6/systemworkbench/plugins/fr.ac6.mcu.externaltools.arm-none.win32_1.17.0.201812190825/tools/compiler/bin/../lib/gcc/arm-none-eabi/7.3.1/thumb/v6-m/crtbegin.o
 .ARM.attributes
                0x0000004a       0x31 HAL_Driver/Src/stm32f0xx_hal.o
 .ARM.attributes
                0x0000007b       0x31 HAL_Driver/Src/stm32f0xx_hal_cortex.o
 .ARM.attributes
                0x000000ac       0x31 HAL_Driver/Src/stm32f0xx_hal_gpio.o
 .ARM.attributes
                0x000000dd       0x31 HAL_Driver/Src/stm32f0xx_hal_msp_template.o
 .ARM.attributes
                0x0000010e       0x31 HAL_Driver/Src/stm32f0xx_hal_rcc.o
 .ARM.attributes
                0x0000013f       0x31 HAL_Driver/Src/stm32f0xx_hal_spi.o
 .ARM.attributes
                0x00000170       0x31 src/ILI9341_Driver.o
 .ARM.attributes
                0x000001a1       0x31 src/display.o
 .ARM.attributes
                0x000001d2       0x31 src/main.o
 .ARM.attributes
                0x00000203       0x31 src/stm32f0xx_it.o
 .ARM.attributes
                0x00000234       0x31 src/system_stm32f0xx.o
 .ARM.attributes
                0x00000265       0x21 startup/startup_stm32f051x8.o
 .ARM.attributes
                0x00000286       0x1e d:/ac6/systemworkbench/plugins/fr.ac6.mcu.externaltools.arm-none.win32_1.17.0.201812190825/tools/compiler/bin/../lib/gcc/arm-none-eabi/7.3.1/thumb/v6-m\libgcc.a(_udivsi3.o)
 .ARM.attributes
                0x000002a4       0x1e d:/ac6/systemworkbench/plugins/fr.ac6.mcu.externaltools.arm-none.win32_1.17.0.201812190825/tools/compiler/bin/../lib/gcc/arm-none-eabi/7.3.1/thumb/v6-m\libgcc.a(_dvmd_tls.o)
 .ARM.attributes
                0x000002c2       0x2c d:/ac6/systemworkbench/plugins/fr.ac6.mcu.externaltools.arm-none.win32_1.17.0.201812190825/tools/compiler/bin/../lib/gcc/arm-none-eabi/7.3.1/../../../../arm-none-eabi/lib/thumb/v6-m\libc.a(lib_a-impure.o)
 .ARM.attributes
                0x000002ee       0x2c d:/ac6/systemworkbench/plugins/fr.ac6.mcu.externaltools.arm-none.win32_1.17.0.201812190825/tools/compiler/bin/../lib/gcc/arm-none-eabi/7.3.1/../../../../arm-none-eabi/lib/thumb/v6-m\libc.a(lib_a-init.o)
 .ARM.attributes
                0x0000031a       0x2c d:/ac6/systemworkbench/plugins/fr.ac6.mcu.externaltools.arm-none.win32_1.17.0.201812190825/tools/compiler/bin/../lib/gcc/arm-none-eabi/7.3.1/../../../../arm-none-eabi/lib/thumb/v6-m\libc.a(lib_a-__call_atexit.o)
 .ARM.attributes
                0x00000346       0x2c d:/ac6/systemworkbench/plugins/fr.ac6.mcu.externaltools.arm-none.win32_1.17.0.201812190825/tools/compiler/bin/../lib/gcc/arm-none-eabi/7.3.1/../../../../arm-none-eabi/lib/thumb/v6-m\libc.a(lib_a-atexit.o)
 .ARM.attributes
                0x00000372       0x2c d:/ac6/systemworkbench/plugins/fr.ac6.mcu.externaltools.arm-none.win32_1.17.0.201812190825/tools/compiler/bin/../lib/gcc/arm-none-eabi/7.3.1/../../../../arm-none-eabi/lib/thumb/v6-m\libc.a(lib_a-fini.o)
 .ARM.attributes
                0x0000039e       0x2c d:/ac6/systemworkbench/plugins/fr.ac6.mcu.externaltools.arm-none.win32_1.17.0.201812190825/tools/compiler/bin/../lib/gcc/arm-none-eabi/7.3.1/../../../../arm-none-eabi/lib/thumb/v6-m\libc.a(lib_a-lock.o)
 .ARM.attributes
                0x000003ca       0x2c d:/ac6/systemworkbench/plugins/fr.ac6.mcu.externaltools.arm-none.win32_1.17.0.201812190825/tools/compiler/bin/../lib/gcc/arm-none-eabi/7.3.1/../../../../arm-none-eabi/lib/thumb/v6-m\libc.a(lib_a-__atexit.o)
 .ARM.attributes
                0x000003f6       0x1e d:/ac6/systemworkbench/plugins/fr.ac6.mcu.externaltools.arm-none.win32_1.17.0.201812190825/tools/compiler/bin/../lib/gcc/arm-none-eabi/7.3.1/thumb/v6-m/crtn.o
OUTPUT(newLCDtest.elf elf32-littlearm)

.comment        0x00000000       0x7f
 .comment       0x00000000       0x7f HAL_Driver/Src/stm32f0xx_hal.o
                                 0x80 (size before relaxing)
 .comment       0x0000007f       0x80 HAL_Driver/Src/stm32f0xx_hal_cortex.o
 .comment       0x0000007f       0x80 HAL_Driver/Src/stm32f0xx_hal_gpio.o
 .comment       0x0000007f       0x80 HAL_Driver/Src/stm32f0xx_hal_msp_template.o
 .comment       0x0000007f       0x80 HAL_Driver/Src/stm32f0xx_hal_rcc.o
 .comment       0x0000007f       0x80 HAL_Driver/Src/stm32f0xx_hal_spi.o
 .comment       0x0000007f       0x80 src/ILI9341_Driver.o
 .comment       0x0000007f       0x80 src/display.o
 .comment       0x0000007f       0x80 src/main.o
 .comment       0x0000007f       0x80 src/stm32f0xx_it.o
 .comment       0x0000007f       0x80 src/system_stm32f0xx.o

.debug_frame    0x00000000      0x1e0
 .debug_frame   0x00000000       0x20 d:/ac6/systemworkbench/plugins/fr.ac6.mcu.externaltools.arm-none.win32_1.17.0.201812190825/tools/compiler/bin/../lib/gcc/arm-none-eabi/7.3.1/thumb/v6-m\libgcc.a(_udivsi3.o)
 .debug_frame   0x00000020       0x2c d:/ac6/systemworkbench/plugins/fr.ac6.mcu.externaltools.arm-none.win32_1.17.0.201812190825/tools/compiler/bin/../lib/gcc/arm-none-eabi/7.3.1/../../../../arm-none-eabi/lib/thumb/v6-m\libc.a(lib_a-init.o)
 .debug_frame   0x0000004c       0x54 d:/ac6/systemworkbench/plugins/fr.ac6.mcu.externaltools.arm-none.win32_1.17.0.201812190825/tools/compiler/bin/../lib/gcc/arm-none-eabi/7.3.1/../../../../arm-none-eabi/lib/thumb/v6-m\libc.a(lib_a-__call_atexit.o)
 .debug_frame   0x000000a0       0x28 d:/ac6/systemworkbench/plugins/fr.ac6.mcu.externaltools.arm-none.win32_1.17.0.201812190825/tools/compiler/bin/../lib/gcc/arm-none-eabi/7.3.1/../../../../arm-none-eabi/lib/thumb/v6-m\libc.a(lib_a-atexit.o)
 .debug_frame   0x000000c8       0x2c d:/ac6/systemworkbench/plugins/fr.ac6.mcu.externaltools.arm-none.win32_1.17.0.201812190825/tools/compiler/bin/../lib/gcc/arm-none-eabi/7.3.1/../../../../arm-none-eabi/lib/thumb/v6-m\libc.a(lib_a-fini.o)
 .debug_frame   0x000000f4       0xb0 d:/ac6/systemworkbench/plugins/fr.ac6.mcu.externaltools.arm-none.win32_1.17.0.201812190825/tools/compiler/bin/../lib/gcc/arm-none-eabi/7.3.1/../../../../arm-none-eabi/lib/thumb/v6-m\libc.a(lib_a-lock.o)
 .debug_frame   0x000001a4       0x3c d:/ac6/systemworkbench/plugins/fr.ac6.mcu.externaltools.arm-none.win32_1.17.0.201812190825/tools/compiler/bin/../lib/gcc/arm-none-eabi/7.3.1/../../../../arm-none-eabi/lib/thumb/v6-m\libc.a(lib_a-__atexit.o)
