Archive member included to satisfy reference by file (symbol)

d:/ac6/systemworkbench/plugins/fr.ac6.mcu.externaltools.arm-none.win32_1.17.0.201812190825/tools/compiler/bin/../lib/gcc/arm-none-eabi/7.3.1/thumb/v6-m\libgcc.a(_udivsi3.o)
                              HAL_Driver/Src/stm32f0xx_hal.o (__aeabi_uidiv)
d:/ac6/systemworkbench/plugins/fr.ac6.mcu.externaltools.arm-none.win32_1.17.0.201812190825/tools/compiler/bin/../lib/gcc/arm-none-eabi/7.3.1/thumb/v6-m\libgcc.a(_dvmd_tls.o)
                              d:/ac6/systemworkbench/plugins/fr.ac6.mcu.externaltools.arm-none.win32_1.17.0.201812190825/tools/compiler/bin/../lib/gcc/arm-none-eabi/7.3.1/thumb/v6-m\libgcc.a(_udivsi3.o) (__aeabi_idiv0)
d:/ac6/systemworkbench/plugins/fr.ac6.mcu.externaltools.arm-none.win32_1.17.0.201812190825/tools/compiler/bin/../lib/gcc/arm-none-eabi/7.3.1/../../../../arm-none-eabi/lib/thumb/v6-m\libc.a(lib_a-errno.o)
                              src/syscalls.o (__errno)
d:/ac6/systemworkbench/plugins/fr.ac6.mcu.externaltools.arm-none.win32_1.17.0.201812190825/tools/compiler/bin/../lib/gcc/arm-none-eabi/7.3.1/../../../../arm-none-eabi/lib/thumb/v6-m\libc.a(lib_a-exit.o)
                              d:/ac6/systemworkbench/plugins/fr.ac6.mcu.externaltools.arm-none.win32_1.17.0.201812190825/tools/compiler/bin/../lib/gcc/arm-none-eabi/7.3.1/../../../../arm-none-eabi/lib/thumb/v6-m/crt0.o (exit)
d:/ac6/systemworkbench/plugins/fr.ac6.mcu.externaltools.arm-none.win32_1.17.0.201812190825/tools/compiler/bin/../lib/gcc/arm-none-eabi/7.3.1/../../../../arm-none-eabi/lib/thumb/v6-m\libc.a(lib_a-impure.o)
                              d:/ac6/systemworkbench/plugins/fr.ac6.mcu.externaltools.arm-none.win32_1.17.0.201812190825/tools/compiler/bin/../lib/gcc/arm-none-eabi/7.3.1/../../../../arm-none-eabi/lib/thumb/v6-m\libc.a(lib_a-exit.o) (_global_impure_ptr)
d:/ac6/systemworkbench/plugins/fr.ac6.mcu.externaltools.arm-none.win32_1.17.0.201812190825/tools/compiler/bin/../lib/gcc/arm-none-eabi/7.3.1/../../../../arm-none-eabi/lib/thumb/v6-m\libc.a(lib_a-init.o)
                              d:/ac6/systemworkbench/plugins/fr.ac6.mcu.externaltools.arm-none.win32_1.17.0.201812190825/tools/compiler/bin/../lib/gcc/arm-none-eabi/7.3.1/../../../../arm-none-eabi/lib/thumb/v6-m/crt0.o (__libc_init_array)
d:/ac6/systemworkbench/plugins/fr.ac6.mcu.externaltools.arm-none.win32_1.17.0.201812190825/tools/compiler/bin/../lib/gcc/arm-none-eabi/7.3.1/../../../../arm-none-eabi/lib/thumb/v6-m\libc.a(lib_a-memset.o)
                              d:/ac6/systemworkbench/plugins/fr.ac6.mcu.externaltools.arm-none.win32_1.17.0.201812190825/tools/compiler/bin/../lib/gcc/arm-none-eabi/7.3.1/../../../../arm-none-eabi/lib/thumb/v6-m/crt0.o (memset)
d:/ac6/systemworkbench/plugins/fr.ac6.mcu.externaltools.arm-none.win32_1.17.0.201812190825/tools/compiler/bin/../lib/gcc/arm-none-eabi/7.3.1/../../../../arm-none-eabi/lib/thumb/v6-m\libc.a(lib_a-__call_atexit.o)
                              d:/ac6/systemworkbench/plugins/fr.ac6.mcu.externaltools.arm-none.win32_1.17.0.201812190825/tools/compiler/bin/../lib/gcc/arm-none-eabi/7.3.1/../../../../arm-none-eabi/lib/thumb/v6-m\libc.a(lib_a-exit.o) (__call_exitprocs)
d:/ac6/systemworkbench/plugins/fr.ac6.mcu.externaltools.arm-none.win32_1.17.0.201812190825/tools/compiler/bin/../lib/gcc/arm-none-eabi/7.3.1/../../../../arm-none-eabi/lib/thumb/v6-m\libc.a(lib_a-atexit.o)
                              d:/ac6/systemworkbench/plugins/fr.ac6.mcu.externaltools.arm-none.win32_1.17.0.201812190825/tools/compiler/bin/../lib/gcc/arm-none-eabi/7.3.1/../../../../arm-none-eabi/lib/thumb/v6-m\libc.a(lib_a-__call_atexit.o) (atexit)
d:/ac6/systemworkbench/plugins/fr.ac6.mcu.externaltools.arm-none.win32_1.17.0.201812190825/tools/compiler/bin/../lib/gcc/arm-none-eabi/7.3.1/../../../../arm-none-eabi/lib/thumb/v6-m\libc.a(lib_a-fini.o)
                              d:/ac6/systemworkbench/plugins/fr.ac6.mcu.externaltools.arm-none.win32_1.17.0.201812190825/tools/compiler/bin/../lib/gcc/arm-none-eabi/7.3.1/../../../../arm-none-eabi/lib/thumb/v6-m\libc.a(lib_a-__call_atexit.o) (__libc_fini_array)
d:/ac6/systemworkbench/plugins/fr.ac6.mcu.externaltools.arm-none.win32_1.17.0.201812190825/tools/compiler/bin/../lib/gcc/arm-none-eabi/7.3.1/../../../../arm-none-eabi/lib/thumb/v6-m\libc.a(lib_a-lock.o)
                              d:/ac6/systemworkbench/plugins/fr.ac6.mcu.externaltools.arm-none.win32_1.17.0.201812190825/tools/compiler/bin/../lib/gcc/arm-none-eabi/7.3.1/../../../../arm-none-eabi/lib/thumb/v6-m\libc.a(lib_a-__call_atexit.o) (__retarget_lock_acquire_recursive)
d:/ac6/systemworkbench/plugins/fr.ac6.mcu.externaltools.arm-none.win32_1.17.0.201812190825/tools/compiler/bin/../lib/gcc/arm-none-eabi/7.3.1/../../../../arm-none-eabi/lib/thumb/v6-m\libc.a(lib_a-__atexit.o)
[...]
Memory Configuration

Name             Origin             Length             Attributes
FLASH            0x08000000         0x00010000         xr
RAM              0x20000000         0x00002000         xrw
*default*        0x00000000         0xffffffff

Linker script and memory map

LOAD d:/ac6/systemworkbench/plugins/fr.ac6.mcu.externaltools.arm-none.win32_1.17.0.201812190825/tools/compiler/bin/../lib/gcc/arm-none-eabi/7.3.1/thumb/v6-m/crti.o
LOAD d:/ac6/systemworkbench/plugins/fr.ac6.mcu.externaltools.arm-none.win32_1.17.0.201812190825/tools/compiler/bin/../lib/gcc/arm-none-eabi/7.3.1/thumb/v6-m/crtbegin.o
LOAD d:/ac6/systemworkbench/plugins/fr.ac6.mcu.externaltools.arm-none.win32_1.17.0.201812190825/tools/compiler/bin/../lib/gcc/arm-none-eabi/7.3.1/../../../../arm-none-eabi/lib/thumb/v6-m/crt0.o
LOAD HAL_Driver/Src/stm32f0xx_hal.o
LOAD HAL_Driver/Src/stm32f0xx_hal_adc.o
LOAD HAL_Driver/Src/stm32f0xx_hal_adc_ex.o
LOAD HAL_Driver/Src/stm32f0xx_hal_can.o
LOAD HAL_Driver/Src/stm32f0xx_hal_cec.o
LOAD HAL_Driver/Src/stm32f0xx_hal_comp.o
LOAD HAL_Driver/Src/stm32f0xx_hal_cortex.o
LOAD HAL_Driver/Src/stm32f0xx_hal_crc.o
LOAD HAL_Driver/Src/stm32f0xx_hal_crc_ex.o
LOAD HAL_Driver/Src/stm32f0xx_hal_dac.o
LOAD HAL_Driver/Src/stm32f0xx_hal_dac_ex.o
LOAD HAL_Driver/Src/stm32f0xx_hal_dma.o
LOAD HAL_Driver/Src/stm32f0xx_hal_flash.o
LOAD HAL_Driver/Src/stm32f0xx_hal_flash_ex.o
LOAD HAL_Driver/Src/stm32f0xx_hal_gpio.o
LOAD HAL_Driver/Src/stm32f0xx_hal_i2c.o
LOAD HAL_Driver/Src/stm32f0xx_hal_i2c_ex.o
LOAD HAL_Driver/Src/stm32f0xx_hal_i2s.o
LOAD HAL_Driver/Src/stm32f0xx_hal_irda.o
LOAD HAL_Driver/Src/stm32f0xx_hal_iwdg.o
LOAD HAL_Driver/Src/stm32f0xx_hal_msp_template.o
LOAD HAL_Driver/Src/stm32f0xx_hal_pcd.o
LOAD HAL_Driver/Src/stm32f0xx_hal_pcd_ex.o
LOAD HAL_Driver/Src/stm32f0xx_hal_pwr.o
LOAD HAL_Driver/Src/stm32f0xx_hal_pwr_ex.o
LOAD HAL_Driver/Src/stm32f0xx_hal_rcc.o
LOAD HAL_Driver/Src/stm32f0xx_hal_rcc_ex.o
LOAD HAL_Driver/Src/stm32f0xx_hal_rtc.o
LOAD HAL_Driver/Src/stm32f0xx_hal_rtc_ex.o
LOAD HAL_Driver/Src/stm32f0xx_hal_smartcard.o
LOAD HAL_Driver/Src/stm32f0xx_hal_smartcard_ex.o
LOAD HAL_Driver/Src/stm32f0xx_hal_smbus.o
LOAD HAL_Driver/Src/stm32f0xx_hal_spi.o
LOAD HAL_Driver/Src/stm32f0xx_hal_spi_ex.o
LOAD HAL_Driver/Src/stm32f0xx_hal_tim.o
LOAD HAL_Driver/Src/stm32f0xx_hal_tim_ex.o
LOAD HAL_Driver/Src/stm32f0xx_hal_tsc.o
LOAD HAL_Driver/Src/stm32f0xx_hal_uart.o
LOAD HAL_Driver/Src/stm32f0xx_hal_uart_ex.o
LOAD HAL_Driver/Src/stm32f0xx_hal_usart.o
LOAD HAL_Driver/Src/stm32f0xx_hal_wwdg.o
LOAD HAL_Driver/Src/stm32f0xx_ll_adc.o
LOAD HAL_Driver/Src/stm32f0xx_ll_comp.o
LOAD HAL_Driver/Src/stm32f0xx_ll_crc.o
LOAD HAL_Driver/Src/stm32f0xx_ll_crs.o
LOAD HAL_Driver/Src/stm32f0xx_ll_dac.o
LOAD HAL_Driver/Src/stm32f0xx_ll_dma.o
LOAD HAL_Driver/Src/stm32f0xx_ll_exti.o
LOAD HAL_Driver/Src/stm32f0xx_ll_gpio.o
LOAD HAL_Driver/Src/stm32f0xx_ll_i2c.o
LOAD HAL_Driver/Src/stm32f0xx_ll_pwr.o
LOAD HAL_Driver/Src/stm32f0xx_ll_rcc.o
LOAD HAL_Driver/Src/stm32f0xx_ll_rtc.o
LOAD HAL_Driver/Src/stm32f0xx_ll_spi.o
LOAD HAL_Driver/Src/stm32f0xx_ll_tim.o
LOAD HAL_Driver/Src/stm32f0xx_ll_usart.o
LOAD HAL_Driver/Src/stm32f0xx_ll_utils.o
LOAD Utilities/STM32F0308-Discovery/stm32f0308_discovery.o
LOAD src/ILI9341_Driver.o
LOAD src/display.o
LOAD src/main.o
LOAD src/stm32f0xx_it.o
LOAD src/syscalls.o
LOAD src/system_stm32f0xx.o
LOAD startup/startup_stm32f051x8.o
LOAD d:/ac6/systemworkbench/plugins/fr.ac6.mcu.externaltools.arm-none.win32_1.17.0.201812190825/tools/compiler/bin/../lib/gcc/arm-none-eabi/7.3.1/../../../../arm-none-eabi/lib/thumb/v6-m\libm.a
START GROUP
LOAD d:/ac6/systemworkbench/plugins/fr.ac6.mcu.externaltools.arm-none.win32_1.17.0.201812190825/tools/compiler/bin/../lib/gcc/arm-none-eabi/7.3.1/thumb/v6-m\libgcc.a
LOAD d:/ac6/systemworkbench/plugins/fr.ac6.mcu.externaltools.arm-none.win32_1.17.0.201812190825/tools/compiler/bin/../lib/gcc/arm-none-eabi/7.3.1/../../../../arm-none-eabi/lib/thumb/v6-m\libc.a
END GROUP
LOAD d:/ac6/systemworkbench/plugins/fr.ac6.mcu.externaltools.arm-none.win32_1.17.0.201812190825/tools/compiler/bin/../lib/gcc/arm-none-eabi/7.3.1/thumb/v6-m/crtend.o
LOAD d:/ac6/systemworkbench/plugins/fr.ac6.mcu.externaltools.arm-none.win32_1.17.0.201812190825/tools/compiler/bin/../lib/gcc/arm-none-eabi/7.3.1/thumb/v6-m/crtn.o
                0x20002000                _estack = 0x20002000
                0x00000000                _Min_Heap_Size = 0x0
                0x00000080                _Min_Stack_Size = 0x80

.isr_vector     0x08000000       0xc0
                0x08000000                . = ALIGN (0x4)
 *(.isr_vector)
 .isr_vector    0x08000000       0xc0 startup/startup_stm32f051x8.o
                0x08000000                g_pfnVectors
                0x080000c0                . = ALIGN (0x4)

.text           0x080000c0     0xb298
                0x080000c0                . = ALIGN (0x4)
 *(.text)
 .text          0x080000c0       0x48 d:/ac6/systemworkbench/plugins/fr.ac6.mcu.externaltools.arm-none.win32_1.17.0.201812190825/tools/compiler/bin/../lib/gcc/arm-none-eabi/7.3.1/thumb/v6-m/crtbegin.o
 .text          0x08000108      0x114 d:/ac6/systemworkbench/plugins/fr.ac6.mcu.externaltools.arm-none.win32_1.17.0.201812190825/tools/compiler/bin/../lib/gcc/arm-none-eabi/7.3.1/thumb/v6-m\libgcc.a(_udivsi3.o)
                0x08000108                __aeabi_uidiv
                0x08000108                __udivsi3
                0x08000214                __aeabi_uidivmod
 .text          0x0800021c        0x4 d:/ac6/systemworkbench/plugins/fr.ac6.mcu.externaltools.arm-none.win32_1.17.0.201812190825/tools/compiler/bin/../lib/gcc/arm-none-eabi/7.3.1/thumb/v6-m\libgcc.a(_dvmd_tls.o)
                0x0800021c                __aeabi_idiv0
                0x0800021c                __aeabi_ldiv0
 *(.text*)
 .text.HAL_Init
                0x08000220       0x28 HAL_Driver/Src/stm32f0xx_hal.o
                0x08000220                HAL_Init
 .text.HAL_InitTick
                0x08000248       0x38 HAL_Driver/Src/stm32f0xx_hal.o
                0x08000248                HAL_InitTick
 .text.HAL_IncTick
                0x08000280       0x18 HAL_Driver/Src/stm32f0xx_hal.o
                0x08000280                HAL_IncTick
 .text.HAL_GetTick
                0x08000298       0x14 HAL_Driver/Src/stm32f0xx_hal.o
                0x08000298                HAL_GetTick
 .text.HAL_Delay
                0x080002ac       0x3a HAL_Driver/Src/stm32f0xx_hal.o
                0x080002ac                HAL_Delay
 *fill*         0x080002e6        0x2 
 .text.NVIC_SetPriority
                0x080002e8       0xdc HAL_Driver/Src/stm32f0xx_hal_cortex.o
 .text.SysTick_Config
                0x080003c4       0x48 HAL_Driver/Src/stm32f0xx_hal_cortex.o
 .text.HAL_NVIC_SetPriority
                0x0800040c       0x2a HAL_Driver/Src/stm32f0xx_hal_cortex.o
                0x0800040c                HAL_NVIC_SetPriority
 .text.HAL_SYSTICK_Config
                0x08000436       0x1a HAL_Driver/Src/stm32f0xx_hal_cortex.o
                0x08000436                HAL_SYSTICK_Config
 .text.HAL_SYSTICK_IRQHandler
                0x08000450        0xe HAL_Driver/Src/stm32f0xx_hal_cortex.o
                0x08000450                HAL_SYSTICK_IRQHandler
 .text.HAL_SYSTICK_Callback
                0x0800045e        0xa HAL_Driver/Src/stm32f0xx_hal_cortex.o
                0x0800045e                HAL_SYSTICK_Callback
 .text.HAL_GPIO_Init
                0x08000468      0x2e8 HAL_Driver/Src/stm32f0xx_hal_gpio.o
                0x08000468                HAL_GPIO_Init
 .text.HAL_GPIO_WritePin
                0x08000750       0x3a HAL_Driver/Src/stm32f0xx_hal_gpio.o
                0x08000750                HAL_GPIO_WritePin
 .text.HAL_MspInit
                0x0800078a        0xa HAL_Driver/Src/stm32f0xx_hal_msp_template.o
                0x0800078a                HAL_MspInit
 .text.HAL_RCC_OscConfig
                0x08000794      0x5e8 HAL_Driver/Src/stm32f0xx_hal_rcc.o
                0x08000794                HAL_RCC_OscConfig
 .text.HAL_RCC_ClockConfig
                0x08000d7c      0x1d0 HAL_Driver/Src/stm32f0xx_hal_rcc.o
                0x08000d7c                HAL_RCC_ClockConfig
 .text.HAL_RCC_GetSysClockFreq
                0x08000f4c       0xc8 HAL_Driver/Src/stm32f0xx_hal_rcc.o
                0x08000f4c                HAL_RCC_GetSysClockFreq
 .text.HAL_RCC_GetHCLKFreq
                0x08001014       0x14 HAL_Driver/Src/stm32f0xx_hal_rcc.o
                0x08001014                HAL_RCC_GetHCLKFreq
 .text.HAL_SPI_Init
                0x08001028      0x160 HAL_Driver/Src/stm32f0xx_hal_spi.o
                0x08001028                HAL_SPI_Init
 .text.HAL_SPI_MspInit
                0x08001188       0x10 HAL_Driver/Src/stm32f0xx_hal_spi.o
                0x08001188                HAL_SPI_MspInit
 .text.HAL_SPI_Transmit
                0x08001198      0x324 HAL_Driver/Src/stm32f0xx_hal_spi.o
                0x08001198                HAL_SPI_Transmit
 .text.SPI_WaitFlagStateUntilTimeout
                0x080014bc       0xdc HAL_Driver/Src/stm32f0xx_hal_spi.o
 .text.SPI_WaitFifoStateUntilTimeout
                0x08001598       0xf4 HAL_Driver/Src/stm32f0xx_hal_spi.o
 .text.SPI_EndRxTxTransaction
                0x0800168c       0x8c HAL_Driver/Src/stm32f0xx_hal_spi.o
 .text.ILI9341_Init
                0x08001718      0x20a src/ILI9341_Driver.o
                0x08001718                ILI9341_Init
 *fill*         0x08001922        0x2 
 .text.ILI9341_SPI_Init
                0x08001924       0x88 src/ILI9341_Driver.o
 .text.ILI9341_SPI_Send
                0x080019ac       0x24 src/ILI9341_Driver.o
                0x080019ac                ILI9341_SPI_Send
 .text.ILI9341_Reset
                0x080019d0       0x54 src/ILI9341_Driver.o
                0x080019d0                ILI9341_Reset
 .text.ILI9341_Set_Rotation
                0x08001a24       0x94 src/ILI9341_Driver.o
                0x08001a24                ILI9341_Set_Rotation
 .text.ILI9341_SPI_Send_32
                0x08001ab8       0x78 src/ILI9341_Driver.o
                0x08001ab8                ILI9341_SPI_Send_32
 .text.ILI9341_Set_Address
                0x08001b30       0x4e src/ILI9341_Driver.o
                0x08001b30                ILI9341_Set_Address
 *fill*         0x08001b7e        0x2 
 .text.ILI9341_Fill_Screen
                0x08001b80       0x58 src/ILI9341_Driver.o
                0x08001b80                ILI9341_Fill_Screen
 .text.ILI9341_Draw_Pixel
                0x08001bd8       0x8c src/ILI9341_Driver.o
                0x08001bd8                ILI9341_Draw_Pixel
 .text.ILI9341_Draw_Empty_Rectangle
                0x08001c64       0x5e src/ILI9341_Driver.o
                0x08001c64                ILI9341_Draw_Empty_Rectangle
 .text.ILI9341_Draw_Line
                0x08001cc2      0x11a src/ILI9341_Driver.o
                0x08001cc2                ILI9341_Draw_Line
 .text.ILI9341_Draw_Circle
                0x08001ddc      0x408 src/ILI9341_Driver.o
                0x08001ddc                ILI9341_Draw_Circle
 .text.ILI9341_Draw_String
                0x080021e4      0x130 src/ILI9341_Driver.o
                0x080021e4                ILI9341_Draw_String
 .text.ILI9341_Send_Command
                0x08002314       0x22 src/ILI9341_Driver.o
 .text.ILI9341_Send_Data
                0x08002336       0x22 src/ILI9341_Driver.o
 .text.ILI9341_Send_Burst
                0x08002358      0x20e src/ILI9341_Driver.o
 *fill*         0x08002566        0x2 
 .text.ILI9341_Draw_Char
                0x08002568      0x18c src/ILI9341_Driver.o
 .text.Before_Sending_Data
                0x080026f4       0x26 src/ILI9341_Driver.o
 .text.Before_Sending_Command
                0x0800271a       0x26 src/ILI9341_Driver.o
 .text.Display_Round_Icon_40x40
                0x08002740       0x82 src/display.o
                0x08002740                Display_Round_Icon_40x40
 *fill*         0x080027c2        0x2 
 .text.Display_Menu
                0x080027c4      0x10c src/display.o
                0x080027c4                Display_Menu
 .text.main     0x080028d0      0x11c src/main.o
                0x080028d0                main
 .text.SystemClock_Config
                0x080029ec       0xa4 src/main.o
                0x080029ec                SystemClock_Config
 .text.MX_GPIO_Init
                0x08002a90       0xac src/main.o
 .text._Error_Handler
                0x08002b3c        0xc src/main.o
                0x08002b3c                _Error_Handler
 .text.SysTick_Handler
                0x08002b48       0x12 src/stm32f0xx_it.o
                0x08002b48                SysTick_Handler
 *fill*         0x08002b5a        0x2 
 .text.SystemInit
                0x08002b5c       0x88 src/system_stm32f0xx.o
                0x08002b5c                SystemInit
 .text.Reset_Handler
                0x08002be4       0x50 startup/startup_stm32f051x8.o
                0x08002be4                Reset_Handler
 .text.Default_Handler
                0x08002c34        0x2 startup/startup_stm32f051x8.o
                0x08002c34                TIM1_CC_IRQHandler
                0x08002c34                TSC_IRQHandler
                0x08002c34                HardFault_Handler
                0x08002c34                ADC1_COMP_IRQHandler
                0x08002c34                PVD_IRQHandler
                0x08002c34                PendSV_Handler
                0x08002c34                NMI_Handler
                0x08002c34                I2C1_IRQHandler
                0x08002c34                RCC_CRS_IRQHandler
                0x08002c34                SPI1_IRQHandler
                0x08002c34                TIM6_DAC_IRQHandler
                0x08002c34                EXTI2_3_IRQHandler
                0x08002c34                I2C2_IRQHandler
                0x08002c34                TIM17_IRQHandler
                0x08002c34                CEC_CAN_IRQHandler
                0x08002c34                RTC_IRQHandler
                0x08002c34                TIM16_IRQHandler
                0x08002c34                TIM3_IRQHandler
                0x08002c34                EXTI4_15_IRQHandler
                0x08002c34                DMA1_Channel1_IRQHandler
                0x08002c34                Default_Handler
                0x08002c34                TIM14_IRQHandler
                0x08002c34                DMA1_Channel4_5_IRQHandler
                0x08002c34                TIM15_IRQHandler
                0x08002c34                EXTI0_1_IRQHandler
                0x08002c34                SPI2_IRQHandler
                0x08002c34                SVC_Handler
                0x08002c34                WWDG_IRQHandler
                0x08002c34                TIM2_IRQHandler
                0x08002c34                DMA1_Channel2_3_IRQHandler
                0x08002c34                USART2_IRQHandler
                0x08002c34                FLASH_IRQHandler
                0x08002c34                USART1_IRQHandler
                0x08002c34                TIM1_BRK_UP_TRG_COM_IRQHandler
 *fill*         0x08002c36        0x2 
 .text.__libc_init_array
                0x08002c38       0x48 d:/ac6/systemworkbench/plugins/fr.ac6.mcu.externaltools.arm-none.win32_1.17.0.201812190825/tools/compiler/bin/../lib/gcc/arm-none-eabi/7.3.1/../../../../arm-none-eabi/lib/thumb/v6-m\libc.a(lib_a-init.o)
                0x08002c38                __libc_init_array
 .text.memset   0x08002c80       0x9c d:/ac6/systemworkbench/plugins/fr.ac6.mcu.externaltools.arm-none.win32_1.17.0.201812190825/tools/compiler/bin/../lib/gcc/arm-none-eabi/7.3.1/../../../../arm-none-eabi/lib/thumb/v6-m\libc.a(lib_a-memset.o)
                0x08002c80                memset
 .text.startup.register_fini
                0x08002d1c       0x18 d:/ac6/systemworkbench/plugins/fr.ac6.mcu.externaltools.arm-none.win32_1.17.0.201812190825/tools/compiler/bin/../lib/gcc/arm-none-eabi/7.3.1/../../../../arm-none-eabi/lib/thumb/v6-m\libc.a(lib_a-__call_atexit.o)
 .text.atexit   0x08002d34       0x10 d:/ac6/systemworkbench/plugins/fr.ac6.mcu.externaltools.arm-none.win32_1.17.0.201812190825/tools/compiler/bin/../lib/gcc/arm-none-eabi/7.3.1/../../../../arm-none-eabi/lib/thumb/v6-m\libc.a(lib_a-atexit.o)
                0x08002d34                atexit
 .text.__libc_fini_array
                0x08002d44       0x34 d:/ac6/systemworkbench/plugins/fr.ac6.mcu.externaltools.arm-none.win32_1.17.0.201812190825/tools/compiler/bin/../lib/gcc/arm-none-eabi/7.3.1/../../../../arm-none-eabi/lib/thumb/v6-m\libc.a(lib_a-fini.o)
                0x08002d44                __libc_fini_array
 .text.__retarget_lock_acquire_recursive
                0x08002d78        0x4 d:/ac6/systemworkbench/plugins/fr.ac6.mcu.externaltools.arm-none.win32_1.17.0.201812190825/tools/compiler/bin/../lib/gcc/arm-none-eabi/7.3.1/../../../../arm-none-eabi/lib/thumb/v6-m\libc.a(lib_a-lock.o)
                0x08002d78                __retarget_lock_acquire_recursive
 .text.__retarget_lock_release_recursive
                0x08002d7c        0x4 d:/ac6/systemworkbench/plugins/fr.ac6.mcu.externaltools.arm-none.win32_1.17.0.201812190825/tools/compiler/bin/../lib/gcc/arm-none-eabi/7.3.1/../../../../arm-none-eabi/lib/thumb/v6-m\libc.a(lib_a-lock.o)
                0x08002d7c                __retarget_lock_release_recursive
 .text.__register_exitproc
                0x08002d80       0xf4 d:/ac6/systemworkbench/plugins/fr.ac6.mcu.externaltools.arm-none.win32_1.17.0.201812190825/tools/compiler/bin/../lib/gcc/arm-none-eabi/7.3.1/../../../../arm-none-eabi/lib/thumb/v6-m\libc.a(lib_a-__atexit.o)
                0x08002d80                __register_exitproc
 *(.rodata)
 .rodata        0x08002e74       0x20 HAL_Driver/Src/stm32f0xx_hal_rcc.o
 .rodata        0x08002e94     0x1060 src/ILI9341_Driver.o
 .rodata        0x08003ef4     0x741e src/display.o
                0x08003ef4                battery_icon
                0x08004214                home_icon_60x60
                0x08007a54                home_icon_40x40
                0x08009354                home_icon_20x20
                0x08009994                back_icon_40x40
 *fill*         0x0800b312        0x2 
 .rodata        0x0800b314        0xe src/main.o
 *fill*         0x0800b322        0x2 
 .rodata        0x0800b324       0x18 src/system_stm32f0xx.o
                0x0800b324                AHBPrescTable
                0x0800b334                APBPrescTable
 *(.rodata*)
 .rodata._global_impure_ptr
                0x0800b33c        0x4 d:/ac6/systemworkbench/plugins/fr.ac6.mcu.externaltools.arm-none.win32_1.17.0.201812190825/tools/compiler/bin/../lib/gcc/arm-none-eabi/7.3.1/../../../../arm-none-eabi/lib/thumb/v6-m\libc.a(lib_a-impure.o)
                0x0800b33c                _global_impure_ptr
 *(.glue_7)
 .glue_7        0x0800b340        0x0 linker stubs
 *(.glue_7t)
 .glue_7t       0x0800b340        0x0 linker stubs
 *(.eh_frame)
 .eh_frame      0x0800b340        0x0 d:/ac6/systemworkbench/plugins/fr.ac6.mcu.externaltools.arm-none.win32_1.17.0.201812190825/tools/compiler/bin/../lib/gcc/arm-none-eabi/7.3.1/thumb/v6-m/crtbegin.o
 *(.init)
 .init          0x0800b340        0x4 d:/ac6/systemworkbench/plugins/fr.ac6.mcu.externaltools.arm-none.win32_1.17.0.201812190825/tools/compiler/bin/../lib/gcc/arm-none-eabi/7.3.1/thumb/v6-m/crti.o
                0x0800b340                _init
 .init          0x0800b344        0x8 d:/ac6/systemworkbench/plugins/fr.ac6.mcu.externaltools.arm-none.win32_1.17.0.201812190825/tools/compiler/bin/../lib/gcc/arm-none-eabi/7.3.1/thumb/v6-m/crtn.o
 *(.fini)
 .fini          0x0800b34c        0x4 d:/ac6/systemworkbench/plugins/fr.ac6.mcu.externaltools.arm-none.win32_1.17.0.201812190825/tools/compiler/bin/../lib/gcc/arm-none-eabi/7.3.1/thumb/v6-m/crti.o
                0x0800b34c                _fini
 .fini          0x0800b350        0x8 d:/ac6/systemworkbench/plugins/fr.ac6.mcu.externaltools.arm-none.win32_1.17.0.201812190825/tools/compiler/bin/../lib/gcc/arm-none-eabi/7.3.1/thumb/v6-m/crtn.o
                0x0800b358                . = ALIGN (0x4)
                0x0800b358                _etext = .

.vfp11_veneer   0x0800b358        0x0
 .vfp11_veneer  0x0800b358        0x0 linker stubs

.v4_bx          0x0800b358        0x0
 .v4_bx         0x0800b358        0x0 linker stubs

.iplt           0x0800b358        0x0
 .iplt          0x0800b358        0x0 d:/ac6/systemworkbench/plugins/fr.ac6.mcu.externaltools.arm-none.win32_1.17.0.201812190825/tools/compiler/bin/../lib/gcc/arm-none-eabi/7.3.1/thumb/v6-m/crtbegin.o

.rel.dyn        0x0800b358        0x0
 .rel.iplt      0x0800b358        0x0 d:/ac6/systemworkbench/plugins/fr.ac6.mcu.externaltools.arm-none.win32_1.17.0.201812190825/tools/compiler/bin/../lib/gcc/arm-none-eabi/7.3.1/thumb/v6-m/crtbegin.o

.ARM.extab
 *(.ARM.extab* .gnu.linkonce.armextab.*)

.ARM            0x0800b358        0x0
                0x0800b358                __exidx_start = .
 *(.ARM.exidx*)
                0x0800b358                __exidx_end = .

.preinit_array  0x0800b358        0x0
                0x0800b358                PROVIDE (__preinit_array_start = .)
 *(.preinit_array*)
                0x0800b358                PROVIDE (__preinit_array_end = .)

.init_array     0x0800b358        0x8
                0x0800b358                PROVIDE (__init_array_start = .)
 *(SORT_BY_NAME(.init_array.*))
 .init_array.00000
                0x0800b358        0x4 d:/ac6/systemworkbench/plugins/fr.ac6.mcu.externaltools.arm-none.win32_1.17.0.201812190825/tools/compiler/bin/../lib/gcc/arm-none-eabi/7.3.1/../../../../arm-none-eabi/lib/thumb/v6-m\libc.a(lib_a-__call_atexit.o)
 *(.init_array*)
 .init_array    0x0800b35c        0x4 d:/ac6/systemworkbench/plugins/fr.ac6.mcu.externaltools.arm-none.win32_1.17.0.201812190825/tools/compiler/bin/../lib/gcc/arm-none-eabi/7.3.1/thumb/v6-m/crtbegin.o
                0x0800b360                PROVIDE (__init_array_end = .)

.fini_array     0x0800b360        0x4
                0x0800b360                PROVIDE (__fini_array_start = .)
 *(SORT_BY_NAME(.fini_array.*))
 *(.fini_array*)
 .fini_array    0x0800b360        0x4 d:/ac6/systemworkbench/plugins/fr.ac6.mcu.externaltools.arm-none.win32_1.17.0.201812190825/tools/compiler/bin/../lib/gcc/arm-none-eabi/7.3.1/thumb/v6-m/crtbegin.o
                0x0800b364                PROVIDE (__fini_array_end = .)
                0x0800b364                _sidata = LOADADDR (.data)

.data           0x20000000      0x43c load address 0x0800b364
                0x20000000                . = ALIGN (0x4)
                0x20000000                _sdata = .
 *(.data)
 .data          0x20000000        0x8 src/ILI9341_Driver.o
 .data          0x20000008        0x4 src/system_stm32f0xx.o
                0x20000008                SystemCoreClock
 *(.data*)
 *fill*         0x2000000c        0x4 
 .data.impure_data
                0x20000010      0x428 d:/ac6/systemworkbench/plugins/fr.ac6.mcu.externaltools.arm-none.win32_1.17.0.201812190825/tools/compiler/bin/../lib/gcc/arm-none-eabi/7.3.1/../../../../arm-none-eabi/lib/thumb/v6-m\libc.a(lib_a-impure.o)
 .data.__atexit_recursive_mutex
                0x20000438        0x4 d:/ac6/systemworkbench/plugins/fr.ac6.mcu.externaltools.arm-none.win32_1.17.0.201812190825/tools/compiler/bin/../lib/gcc/arm-none-eabi/7.3.1/../../../../arm-none-eabi/lib/thumb/v6-m\libc.a(lib_a-__call_atexit.o)
                0x20000438                __atexit_recursive_mutex
                0x2000043c                . = ALIGN (0x4)
                0x2000043c                _edata = .

.igot.plt       0x2000043c        0x0 load address 0x0800b7a0
 .igot.plt      0x2000043c        0x0 d:/ac6/systemworkbench/plugins/fr.ac6.mcu.externaltools.arm-none.win32_1.17.0.201812190825/tools/compiler/bin/../lib/gcc/arm-none-eabi/7.3.1/thumb/v6-m/crtbegin.o
                0x2000043c                . = ALIGN (0x4)

.bss            0x2000043c       0xac load address 0x0800b7a0
                0x2000043c                _sbss = .
                0x2000043c                __bss_start__ = _sbss
 *(.bss)
 .bss           0x2000043c       0x1c d:/ac6/systemworkbench/plugins/fr.ac6.mcu.externaltools.arm-none.win32_1.17.0.201812190825/tools/compiler/bin/../lib/gcc/arm-none-eabi/7.3.1/thumb/v6-m/crtbegin.o
 .bss           0x20000458       0x64 src/ILI9341_Driver.o
 *(.bss*)
 *(COMMON)
 COMMON         0x200004bc        0x4 HAL_Driver/Src/stm32f0xx_hal.o
                0x200004bc                uwTick
 COMMON         0x200004c0        0x1 src/ILI9341_Driver.o
                0x200004c0                hh
 *fill*         0x200004c1        0x3 
 COMMON         0x200004c4       0x21 d:/ac6/systemworkbench/plugins/fr.ac6.mcu.externaltools.arm-none.win32_1.17.0.201812190825/tools/compiler/bin/../lib/gcc/arm-none-eabi/7.3.1/../../../../arm-none-eabi/lib/thumb/v6-m\libc.a(lib_a-lock.o)
                0x200004c4                __lock___atexit_recursive_mutex
                0x200004c8                __lock___arc4random_mutex
                0x200004cc                __lock___env_recursive_mutex
                0x200004d0                __lock___sinit_recursive_mutex
                0x200004d4                __lock___malloc_recursive_mutex
                0x200004d8                __lock___at_quick_exit_mutex
                0x200004dc                __lock___dd_hash_mutex
                0x200004e0                __lock___tz_mutex
                0x200004e4                __lock___sfp_recursive_mutex
                0x200004e8                . = ALIGN (0x4)
 *fill*         0x200004e5        0x3 
                0x200004e8                _ebss = .
                0x200004e8                __bss_end__ = _ebss

._user_heap_stack
                0x200004e8       0x80 load address 0x0800b7a0
                0x200004e8                . = ALIGN (0x8)
                0x200004e8                PROVIDE (end = .)
                [!provide]                PROVIDE (_end = .)
                0x200004e8                . = (. + _Min_Heap_Size)
                0x20000568                . = (. + _Min_Stack_Size)
 *fill*         0x200004e8       0x80 
                0x20000568                . = ALIGN (0x8)

.ARM.attributes
                0x00000000       0x28
 *(.ARM.attributes)
 .ARM.attributes
                0x00000000       0x1e d:/ac6/systemworkbench/plugins/fr.ac6.mcu.externaltools.arm-none.win32_1.17.0.201812190825/tools/compiler/bin/../lib/gcc/arm-none-eabi/7.3.1/thumb/v6-m/crti.o
 .ARM.attributes
                0x0000001e       0x2c d:/ac6/systemworkbench/plugins/fr.ac6.mcu.externaltools.arm-none.win32_1.17.0.201812190825/tools/compiler/bin/../lib/gcc/arm-none-eabi/7.3.1/thumb/v6-m/crtbegin.o
 .ARM.attributes
                0x0000004a       0x31 HAL_Driver/Src/stm32f0xx_hal.o
 .ARM.attributes
                0x0000007b       0x31 HAL_Driver/Src/stm32f0xx_hal_cortex.o
 .ARM.attributes
                0x000000ac       0x31 HAL_Driver/Src/stm32f0xx_hal_gpio.o
 .ARM.attributes
                0x000000dd       0x31 HAL_Driver/Src/stm32f0xx_hal_msp_template.o
 .ARM.attributes
                0x0000010e       0x31 HAL_Driver/Src/stm32f0xx_hal_rcc.o
 .ARM.attributes
                0x0000013f       0x31 HAL_Driver/Src/stm32f0xx_hal_spi.o
 .ARM.attributes
                0x00000170       0x31 src/ILI9341_Driver.o
 .ARM.attributes
                0x000001a1       0x31 src/display.o
 .ARM.attributes
                0x000001d2       0x31 src/main.o
 .ARM.attributes
                0x00000203       0x31 src/stm32f0xx_it.o
 .ARM.attributes
                0x00000234       0x31 src/system_stm32f0xx.o
 .ARM.attributes
                0x00000265       0x21 startup/startup_stm32f051x8.o
 .ARM.attributes
                0x00000286       0x1e d:/ac6/systemworkbench/plugins/fr.ac6.mcu.externaltools.arm-none.win32_1.17.0.201812190825/tools/compiler/bin/../lib/gcc/arm-none-eabi/7.3.1/thumb/v6-m\libgcc.a(_udivsi3.o)
 .ARM.attributes
                0x000002a4       0x1e d:/ac6/systemworkbench/plugins/fr.ac6.mcu.externaltools.arm-none.win32_1.17.0.201812190825/tools/compiler/bin/../lib/gcc/arm-none-eabi/7.3.1/thumb/v6-m\libgcc.a(_dvmd_tls.o)
 .ARM.attributes
                0x000002c2       0x2c d:/ac6/systemworkbench/plugins/fr.ac6.mcu.externaltools.arm-none.win32_1.17.0.201812190825/tools/compiler/bin/../lib/gcc/arm-none-eabi/7.3.1/../../../../arm-none-eabi/lib/thumb/v6-m\libc.a(lib_a-impure.o)
 .ARM.attributes
                0x000002ee       0x2c d:/ac6/systemworkbench/plugins/fr.ac6.mcu.externaltools.arm-none.win32_1.17.0.201812190825/tools/compiler/bin/../lib/gcc/arm-none-eabi/7.3.1/../../../../arm-none-eabi/lib/thumb/v6-m\libc.a(lib_a-init.o)
 .ARM.attributes
                0x0000031a       0x2c d:/ac6/systemworkbench/plugins/fr.ac6.mcu.externaltools.arm-none.win32_1.17.0.201812190825/tools/compiler/bin/../lib/gcc/arm-none-eabi/7.3.1/../../../../arm-none-eabi/lib/thumb/v6-m\libc.a(lib_a-memset.o)
 .ARM.attributes
                0x00000346       0x2c d:/ac6/systemworkbench/plugins/fr.ac6.mcu.externaltools.arm-none.win32_1.17.0.201812190825/tools/compiler/bin/../lib/gcc/arm-none-eabi/7.3.1/../../../../arm-none-eabi/lib/thumb/v6-m\libc.a(lib_a-__call_atexit.o)
 .ARM.attributes
                0x00000372       0x2c d:/ac6/systemworkbench/plugins/fr.ac6.mcu.externaltools.arm-none.win32_1.17.0.201812190825/tools/compiler/bin/../lib/gcc/arm-none-eabi/7.3.1/../../../../arm-none-eabi/lib/thumb/v6-m\libc.a(lib_a-atexit.o)
 .ARM.attributes
                0x0000039e       0x2c d:/ac6/systemworkbench/plugins/fr.ac6.mcu.externaltools.arm-none.win32_1.17.0.201812190825/tools/compiler/bin/../lib/gcc/arm-none-eabi/7.3.1/../../../../arm-none-eabi/lib/thumb/v6-m\libc.a(lib_a-fini.o)
 .ARM.attributes
                0x000003ca       0x2c d:/ac6/systemworkbench/plugins/fr.ac6.mcu.externaltools.arm-none.win32_1.17.0.201812190825/tools/compiler/bin/../lib/gcc/arm-none-eabi/7.3.1/../../../../arm-none-eabi/lib/thumb/v6-m\libc.a(lib_a-lock.o)
 .ARM.attributes
                0x000003f6       0x2c d:/ac6/systemworkbench/plugins/fr.ac6.mcu.externaltools.arm-none.win32_1.17.0.201812190825/tools/compiler/bin/../lib/gcc/arm-none-eabi/7.3.1/../../../../arm-none-eabi/lib/thumb/v6-m\libc.a(lib_a-__atexit.o)
 .ARM.attributes
                0x00000422       0x1e d:/ac6/systemworkbench/plugins/fr.ac6.mcu.externaltools.arm-none.win32_1.17.0.201812190825/tools/compiler/bin/../lib/gcc/arm-none-eabi/7.3.1/thumb/v6-m/crtn.o
OUTPUT(newLCDtest.elf elf32-littlearm)

.debug_info     0x00000000     0xa6f5
 .debug_info    0x00000000      0xdeb HAL_Driver/Src/stm32f0xx_hal.o
 .debug_info    0x00000deb      0xf37 HAL_Driver/Src/stm32f0xx_hal_cortex.o
 .debug_info    0x00001d22      0xe62 HAL_Driver/Src/stm32f0xx_hal_gpio.o
 .debug_info    0x00002b84      0x959 HAL_Driver/Src/stm32f0xx_hal_msp_template.o
 .debug_info    0x000034dd      0xfab HAL_Driver/Src/stm32f0xx_hal_rcc.o
 .debug_info    0x00004488     0x1ebf HAL_Driver/Src/stm32f0xx_hal_spi.o
 .debug_info    0x00006347     0x164f src/ILI9341_Driver.o
 .debug_info    0x00007996      0xc22 src/display.o
 .debug_info    0x000085b8      0xd85 src/main.o
 .debug_info    0x0000933d      0x926 src/stm32f0xx_it.o
 .debug_info    0x00009c63      0xa70 src/system_stm32f0xx.o
 .debug_info    0x0000a6d3       0x22 startup/startup_stm32f051x8.o

.debug_abbrev   0x00000000     0x1b38
 .debug_abbrev  0x00000000      0x2a3 HAL_Driver/Src/stm32f0xx_hal.o
 .debug_abbrev  0x000002a3      0x33d HAL_Driver/Src/stm32f0xx_hal_cortex.o
 .debug_abbrev  0x000005e0      0x289 HAL_Driver/Src/stm32f0xx_hal_gpio.o
 .debug_abbrev  0x00000869      0x1aa HAL_Driver/Src/stm32f0xx_hal_msp_template.o
 .debug_abbrev  0x00000a13      0x2be HAL_Driver/Src/stm32f0xx_hal_rcc.o
 .debug_abbrev  0x00000cd1      0x2d1 HAL_Driver/Src/stm32f0xx_hal_spi.o
 .debug_abbrev  0x00000fa2      0x2f8 src/ILI9341_Driver.o
 .debug_abbrev  0x0000129a      0x25c src/display.o
 .debug_abbrev  0x000014f6      0x281 src/main.o
 .debug_abbrev  0x00001777      0x1aa src/stm32f0xx_it.o
 .debug_abbrev  0x00001921      0x205 src/system_stm32f0xx.o
 .debug_abbrev  0x00001b26       0x12 startup/startup_stm32f051x8.o

.debug_aranges  0x00000000      0x628
 .debug_aranges
                0x00000000       0xb8 HAL_Driver/Src/stm32f0xx_hal.o
 .debug_aranges
                0x000000b8       0xc0 HAL_Driver/Src/stm32f0xx_hal_cortex.o
 .debug_aranges
                0x00000178       0x58 HAL_Driver/Src/stm32f0xx_hal_gpio.o
 .debug_aranges
                0x000001d0       0x38 HAL_Driver/Src/stm32f0xx_hal_msp_template.o
 .debug_aranges
                0x00000208       0x80 HAL_Driver/Src/stm32f0xx_hal_rcc.o
 .debug_aranges
                0x00000288      0x1f8 HAL_Driver/Src/stm32f0xx_hal_spi.o
 .debug_aranges
                0x00000480       0xc8 src/ILI9341_Driver.o
 .debug_aranges
                0x00000548       0x38 src/display.o
 .debug_aranges
                0x00000580       0x38 src/main.o
 .debug_aranges
                0x000005b8       0x20 src/stm32f0xx_it.o
 .debug_aranges
                0x000005d8       0x28 src/system_stm32f0xx.o
 .debug_aranges
                0x00000600       0x28 startup/startup_stm32f051x8.o

.debug_ranges   0x00000000      0x570
 .debug_ranges  0x00000000       0xa8 HAL_Driver/Src/stm32f0xx_hal.o
 .debug_ranges  0x000000a8       0xb0 HAL_Driver/Src/stm32f0xx_hal_cortex.o
 .debug_ranges  0x00000158       0x48 HAL_Driver/Src/stm32f0xx_hal_gpio.o
 .debug_ranges  0x000001a0       0x28 HAL_Driver/Src/stm32f0xx_hal_msp_template.o
 .debug_ranges  0x000001c8       0x70 HAL_Driver/Src/stm32f0xx_hal_rcc.o
 .debug_ranges  0x00000238      0x1e8 HAL_Driver/Src/stm32f0xx_hal_spi.o
 .debug_ranges  0x00000420       0xb8 src/ILI9341_Driver.o
 .debug_ranges  0x000004d8       0x28 src/display.o
 .debug_ranges  0x00000500       0x28 src/main.o
 .debug_ranges  0x00000528       0x10 src/stm32f0xx_it.o
 .debug_ranges  0x00000538       0x18 src/system_stm32f0xx.o
 .debug_ranges  0x00000550       0x20 startup/startup_stm32f051x8.o

.debug_macro    0x00000000    0x12c35
 .debug_macro   0x00000000      0x432 HAL_Driver/Src/stm32f0xx_hal.o
 .debug_macro   0x00000432      0xa60 HAL_Driver/Src/stm32f0xx_hal.o
 .debug_macro   0x00000e92      0x117 HAL_Driver/Src/stm32f0xx_hal.o
 .debug_macro   0x00000fa9       0x28 HAL_Driver/Src/stm32f0xx_hal.o
 .debug_macro   0x00000fd1       0x22 HAL_Driver/Src/stm32f0xx_hal.o
 .debug_macro   0x00000ff3       0x22 HAL_Driver/Src/stm32f0xx_hal.o
 .debug_macro   0x00001015       0x8e HAL_Driver/Src/stm32f0xx_hal.o
 .debug_macro   0x000010a3       0x51 HAL_Driver/Src/stm32f0xx_hal.o
 .debug_macro   0x000010f4       0xef HAL_Driver/Src/stm32f0xx_hal.o
 .debug_macro   0x000011e3       0x6a HAL_Driver/Src/stm32f0xx_hal.o
 .debug_macro   0x0000124d      0x1df HAL_Driver/Src/stm32f0xx_hal.o
 .debug_macro   0x0000142c       0x34 HAL_Driver/Src/stm32f0xx_hal.o
 .debug_macro   0x00001460       0x26 HAL_Driver/Src/stm32f0xx_hal.o
 .debug_macro   0x00001486      0x30d HAL_Driver/Src/stm32f0xx_hal.o
 .debug_macro   0x00001793     0x8d15 HAL_Driver/Src/stm32f0xx_hal.o
 .debug_macro   0x0000a4a8       0x3c HAL_Driver/Src/stm32f0xx_hal.o
 .debug_macro   0x0000a4e4       0x5e HAL_Driver/Src/stm32f0xx_hal.o
 .debug_macro   0x0000a542       0x18 HAL_Driver/Src/stm32f0xx_hal.o
 .debug_macro   0x0000a55a       0x35 HAL_Driver/Src/stm32f0xx_hal.o
 .debug_macro   0x0000a58f       0x34 HAL_Driver/Src/stm32f0xx_hal.o
 .debug_macro   0x0000a5c3       0x16 HAL_Driver/Src/stm32f0xx_hal.o
 .debug_macro   0x0000a5d9       0x97 HAL_Driver/Src/stm32f0xx_hal.o
 .debug_macro   0x0000a670      0x330 HAL_Driver/Src/stm32f0xx_hal.o
 .debug_macro   0x0000a9a0       0xfd HAL_Driver/Src/stm32f0xx_hal.o
 .debug_macro   0x0000aa9d       0x10 HAL_Driver/Src/stm32f0xx_hal.o
 .debug_macro   0x0000aaad       0x58 HAL_Driver/Src/stm32f0xx_hal.o
 .debug_macro   0x0000ab05       0x1f HAL_Driver/Src/stm32f0xx_hal.o
 .debug_macro   0x0000ab24       0x43 HAL_Driver/Src/stm32f0xx_hal.o
 .debug_macro   0x0000ab67       0x20 HAL_Driver/Src/stm32f0xx_hal.o
 .debug_macro   0x0000ab87      0x18e HAL_Driver/Src/stm32f0xx_hal.o
 .debug_macro   0x0000ad15       0x10 HAL_Driver/Src/stm32f0xx_hal.o
 .debug_macro   0x0000ad25       0x1c HAL_Driver/Src/stm32f0xx_hal.o
 .debug_macro   0x0000ad41       0x52 HAL_Driver/Src/stm32f0xx_hal.o
 .debug_macro   0x0000ad93       0x40 HAL_Driver/Src/stm32f0xx_hal.o
 .debug_macro   0x0000add3       0x10 HAL_Driver/Src/stm32f0xx_hal.o
 .debug_macro   0x0000ade3       0x40 HAL_Driver/Src/stm32f0xx_hal.o
 .debug_macro   0x0000ae23       0xd7 HAL_Driver/Src/stm32f0xx_hal.o
 .debug_macro   0x0000aefa       0x1c HAL_Driver/Src/stm32f0xx_hal.o
 .debug_macro   0x0000af16       0x3d HAL_Driver/Src/stm32f0xx_hal.o
 .debug_macro   0x0000af53       0x16 HAL_Driver/Src/stm32f0xx_hal.o
 .debug_macro   0x0000af69      0x16f HAL_Driver/Src/stm32f0xx_hal.o
 .debug_macro   0x0000b0d8       0x50 HAL_Driver/Src/stm32f0xx_hal.o
 .debug_macro   0x0000b128      0x92f HAL_Driver/Src/stm32f0xx_hal.o
 .debug_macro   0x0000ba57      0x252 HAL_Driver/Src/stm32f0xx_hal.o
 .debug_macro   0x0000bca9      0x13a HAL_Driver/Src/stm32f0xx_hal.o
 .debug_macro   0x0000bde3      0x114 HAL_Driver/Src/stm32f0xx_hal.o
 .debug_macro   0x0000bef7      0x1ed HAL_Driver/Src/stm32f0xx_hal.o
 .debug_macro   0x0000c0e4       0x34 HAL_Driver/Src/stm32f0xx_hal.o
 .debug_macro   0x0000c118       0x43 HAL_Driver/Src/stm32f0xx_hal.o
 .debug_macro   0x0000c15b       0x28 HAL_Driver/Src/stm32f0xx_hal.o
 .debug_macro   0x0000c183      0x33d HAL_Driver/Src/stm32f0xx_hal.o
 .debug_macro   0x0000c4c0       0xd4 HAL_Driver/Src/stm32f0xx_hal.o
 .debug_macro   0x0000c594      0x2e2 HAL_Driver/Src/stm32f0xx_hal.o
 .debug_macro   0x0000c876      0x27b HAL_Driver/Src/stm32f0xx_hal.o
 .debug_macro   0x0000caf1       0x81 HAL_Driver/Src/stm32f0xx_hal.o
 .debug_macro   0x0000cb72       0x5a HAL_Driver/Src/stm32f0xx_hal.o
 .debug_macro   0x0000cbcc       0x12 HAL_Driver/Src/stm32f0xx_hal.o
 .debug_macro   0x0000cbde       0xca HAL_Driver/Src/stm32f0xx_hal.o
 .debug_macro   0x0000cca8       0xd9 HAL_Driver/Src/stm32f0xx_hal.o
 .debug_macro   0x0000cd81       0xb6 HAL_Driver/Src/stm32f0xx_hal.o
 .debug_macro   0x0000ce37      0x199 HAL_Driver/Src/stm32f0xx_hal.o
 .debug_macro   0x0000cfd0      0x202 HAL_Driver/Src/stm32f0xx_hal.o
 .debug_macro   0x0000d1d2       0x61 HAL_Driver/Src/stm32f0xx_hal.o
 .debug_macro   0x0000d233       0x90 HAL_Driver/Src/stm32f0xx_hal.o
 .debug_macro   0x0000d2c3      0x1a0 HAL_Driver/Src/stm32f0xx_hal.o
 .debug_macro   0x0000d463      0x264 HAL_Driver/Src/stm32f0xx_hal.o
 .debug_macro   0x0000d6c7       0x2a HAL_Driver/Src/stm32f0xx_hal.o
 .debug_macro   0x0000d6f1       0x87 HAL_Driver/Src/stm32f0xx_hal.o
 .debug_macro   0x0000d778       0x4d HAL_Driver/Src/stm32f0xx_hal.o
 .debug_macro   0x0000d7c5      0x114 HAL_Driver/Src/stm32f0xx_hal.o
 .debug_macro   0x0000d8d9      0x2e2 HAL_Driver/Src/stm32f0xx_hal.o
 .debug_macro   0x0000dbbb      0x2cb HAL_Driver/Src/stm32f0xx_hal.o
 .debug_macro   0x0000de86       0xdd HAL_Driver/Src/stm32f0xx_hal.o
 .debug_macro   0x0000df63      0x391 HAL_Driver/Src/stm32f0xx_hal.o
 .debug_macro   0x0000e2f4       0x10 HAL_Driver/Src/stm32f0xx_hal.o
 .debug_macro   0x0000e304      0x356 HAL_Driver/Src/stm32f0xx_hal.o
 .debug_macro   0x0000e65a      0x2f0 HAL_Driver/Src/stm32f0xx_hal.o
 .debug_macro   0x0000e94a      0x845 HAL_Driver/Src/stm32f0xx_hal.o
 .debug_macro   0x0000f18f       0x4c HAL_Driver/Src/stm32f0xx_hal.o
 .debug_macro   0x0000f1db      0x46a HAL_Driver/Src/stm32f0xx_hal.o
 .debug_macro   0x0000f645      0x38a HAL_Driver/Src/stm32f0xx_hal.o
 .debug_macro   0x0000f9cf      0x1f7 HAL_Driver/Src/stm32f0xx_hal.o
 .debug_macro   0x0000fbc6      0x1df HAL_Driver/Src/stm32f0xx_hal.o
 .debug_macro   0x0000fda5       0x93 HAL_Driver/Src/stm32f0xx_hal.o
 .debug_macro   0x0000fe38       0x89 HAL_Driver/Src/stm32f0xx_hal.o
 .debug_macro   0x0000fec1      0x10d HAL_Driver/Src/stm32f0xx_hal.o
 .debug_macro   0x0000ffce      0x40e HAL_Driver/Src/stm32f0xx_hal_cortex.o
 .debug_macro   0x000103dc      0x446 HAL_Driver/Src/stm32f0xx_hal_gpio.o
 .debug_macro   0x00010822      0x40e HAL_Driver/Src/stm32f0xx_hal_msp_template.o
 .debug_macro   0x00010c30      0x420 HAL_Driver/Src/stm32f0xx_hal_rcc.o
 .debug_macro   0x00011050      0x416 HAL_Driver/Src/stm32f0xx_hal_spi.o
 .debug_macro   0x00011466      0x458 src/ILI9341_Driver.o
 .debug_macro   0x000118be       0x16 src/ILI9341_Driver.o
 .debug_macro   0x000118d4       0x35 src/ILI9341_Driver.o
 .debug_macro   0x00011909       0x16 src/ILI9341_Driver.o
 .debug_macro   0x0001191f       0x29 src/ILI9341_Driver.o
 .debug_macro   0x00011948       0xac src/ILI9341_Driver.o
 .debug_macro   0x000119f4       0xa6 src/ILI9341_Driver.o
 .debug_macro   0x00011a9a      0x47a src/display.o
 .debug_macro   0x00011f14       0x10 src/display.o
 .debug_macro   0x00011f24      0x461 src/main.o
 .debug_macro   0x00012385       0x8a src/main.o
 .debug_macro   0x0001240f      0x418 src/stm32f0xx_it.o
 .debug_macro   0x00012827      0x40e src/system_stm32f0xx.o

.debug_line     0x00000000     0x8454
 .debug_line    0x00000000      0xafe HAL_Driver/Src/stm32f0xx_hal.o
 .debug_line    0x00000afe      0xb50 HAL_Driver/Src/stm32f0xx_hal_cortex.o
 .debug_line    0x0000164e      0xb04 HAL_Driver/Src/stm32f0xx_hal_gpio.o
 .debug_line    0x00002152      0x9d2 HAL_Driver/Src/stm32f0xx_hal_msp_template.o
 .debug_line    0x00002b24      0xbde HAL_Driver/Src/stm32f0xx_hal_rcc.o
 .debug_line    0x00003702     0x1510 HAL_Driver/Src/stm32f0xx_hal_spi.o
 .debug_line    0x00004c12      0xe33 src/ILI9341_Driver.o
 .debug_line    0x00005a45      0xb13 src/display.o
 .debug_line    0x00006558      0xae9 src/main.o
 .debug_line    0x00007041      0x9d2 src/stm32f0xx_it.o
 .debug_line    0x00007a13      0x9be src/system_stm32f0xx.o
 .debug_line    0x000083d1       0x83 startup/startup_stm32f051x8.o

.debug_str      0x00000000    0x6d748
 .debug_str     0x00000000    0x6b7bc HAL_Driver/Src/stm32f0xx_hal.o
                              0x6bab8 (size before relaxing)
 .debug_str     0x0006b7bc      0x20e HAL_Driver/Src/stm32f0xx_hal_cortex.o
                              0x6b9a2 (size before relaxing)
 .debug_str     0x0006b9ca      0x287 HAL_Driver/Src/stm32f0xx_hal_gpio.o
                              0x6b862 (size before relaxing)
 .debug_str     0x0006bc51       0x51 HAL_Driver/Src/stm32f0xx_hal_msp_template.o
                              0x6b58b (size before relaxing)
 .debug_str     0x0006bca2      0x333 HAL_Driver/Src/stm32f0xx_hal_rcc.o
                              0x6b99f (size before relaxing)
 .debug_str     0x0006bfd5      0x94c HAL_Driver/Src/stm32f0xx_hal_spi.o
                              0x6bf27 (size before relaxing)
 .debug_str     0x0006c921      0x825 src/ILI9341_Driver.o
                              0x6c1b7 (size before relaxing)
 .debug_str     0x0006d146       0xc8 src/display.o
                              0x6bc0f (size before relaxing)
 .debug_str     0x0006d20e      0x479 src/main.o
                              0x6c172 (size before relaxing)
 .debug_str     0x0006d687       0x38 src/stm32f0xx_it.o
                              0x6b558 (size before relaxing)
 .debug_str     0x0006d6bf       0x5a src/system_stm32f0xx.o
                              0x6b5cd (size before relaxing)
 .debug_str     0x0006d719       0x2f startup/startup_stm32f051x8.o
                                 0x6a (size before relaxing)

.comment        0x00000000       0x7f
 .comment       0x00000000       0x7f HAL_Driver/Src/stm32f0xx_hal.o
                                 0x80 (size before relaxing)
 .comment       0x0000007f       0x80 HAL_Driver/Src/stm32f0xx_hal_cortex.o
 .comment       0x0000007f       0x80 HAL_Driver/Src/stm32f0xx_hal_gpio.o
 .comment       0x0000007f       0x80 HAL_Driver/Src/stm32f0xx_hal_msp_template.o
 .comment       0x0000007f       0x80 HAL_Driver/Src/stm32f0xx_hal_rcc.o
 .comment       0x0000007f       0x80 HAL_Driver/Src/stm32f0xx_hal_spi.o
 .comment       0x0000007f       0x80 src/ILI9341_Driver.o
 .comment       0x0000007f       0x80 src/display.o
 .comment       0x0000007f       0x80 src/main.o
 .comment       0x0000007f       0x80 src/stm32f0xx_it.o
 .comment       0x0000007f       0x80 src/system_stm32f0xx.o

.debug_frame    0x00000000     0x1608
 .debug_frame   0x00000000      0x248 HAL_Driver/Src/stm32f0xx_hal.o
 .debug_frame   0x00000248      0x2a0 HAL_Driver/Src/stm32f0xx_hal_cortex.o
 .debug_frame   0x000004e8      0x110 HAL_Driver/Src/stm32f0xx_hal_gpio.o
 .debug_frame   0x000005f8       0x80 HAL_Driver/Src/stm32f0xx_hal_msp_template.o
 .debug_frame   0x00000678      0x194 HAL_Driver/Src/stm32f0xx_hal_rcc.o
 .debug_frame   0x0000080c      0x790 HAL_Driver/Src/stm32f0xx_hal_spi.o
 .debug_frame   0x00000f9c      0x2c4 src/ILI9341_Driver.o
 .debug_frame   0x00001260       0x90 src/display.o
 .debug_frame   0x000012f0       0x90 src/main.o
 .debug_frame   0x00001380       0x2c src/stm32f0xx_it.o
 .debug_frame   0x000013ac       0x4c src/system_stm32f0xx.o
 .debug_frame   0x000013f8       0x20 d:/ac6/systemworkbench/plugins/fr.ac6.mcu.externaltools.arm-none.win32_1.17.0.201812190825/tools/compiler/bin/../lib/gcc/arm-none-eabi/7.3.1/thumb/v6-m\libgcc.a(_udivsi3.o)
 .debug_frame   0x00001418       0x2c d:/ac6/systemworkbench/plugins/fr.ac6.mcu.externaltools.arm-none.win32_1.17.0.201812190825/tools/compiler/bin/../lib/gcc/arm-none-eabi/7.3.1/../../../../arm-none-eabi/lib/thumb/v6-m\libc.a(lib_a-init.o)
 .debug_frame   0x00001444       0x30 d:/ac6/systemworkbench/plugins/fr.ac6.mcu.externaltools.arm-none.win32_1.17.0.201812190825/tools/compiler/bin/../lib/gcc/arm-none-eabi/7.3.1/../../../../arm-none-eabi/lib/thumb/v6-m\libc.a(lib_a-memset.o)
 .debug_frame   0x00001474       0x54 d:/ac6/systemworkbench/plugins/fr.ac6.mcu.externaltools.arm-none.win32_1.17.0.201812190825/tools/compiler/bin/../lib/gcc/arm-none-eabi/7.3.1/../../../../arm-none-eabi/lib/thumb/v6-m\libc.a(lib_a-__call_atexit.o)
 .debug_frame   0x000014c8       0x28 d:/ac6/systemworkbench/plugins/fr.ac6.mcu.externaltools.arm-none.win32_1.17.0.201812190825/tools/compiler/bin/../lib/gcc/arm-none-eabi/7.3.1/../../../../arm-none-eabi/lib/thumb/v6-m\libc.a(lib_a-atexit.o)
 .debug_frame   0x000014f0       0x2c d:/ac6/systemworkbench/plugins/fr.ac6.mcu.externaltools.arm-none.win32_1.17.0.201812190825/tools/compiler/bin/../lib/gcc/arm-none-eabi/7.3.1/../../../../arm-none-eabi/lib/thumb/v6-m\libc.a(lib_a-fini.o)
 .debug_frame   0x0000151c       0xb0 d:/ac6/systemworkbench/plugins/fr.ac6.mcu.externaltools.arm-none.win32_1.17.0.201812190825/tools/compiler/bin/../lib/gcc/arm-none-eabi/7.3.1/../../../../arm-none-eabi/lib/thumb/v6-m\libc.a(lib_a-lock.o)
 .debug_frame   0x000015cc       0x3c d:/ac6/systemworkbench/plugins/fr.ac6.mcu.externaltools.arm-none.win32_1.17.0.201812190825/tools/compiler/bin/../lib/gcc/arm-none-eabi/7.3.1/../../../../arm-none-eabi/lib/thumb/v6-m\libc.a(lib_a-__atexit.o)
